---
source: tantalum_lexer/tests/snapshots.rs
expression: tokens
snapshot_kind: text
---
[
  Token(
    span: Span(
      start: Location(
        file_name: "start.ta",
        position: 0,
        line: 1,
        column: 1,
      ),
      end: Location(
        file_name: "start.ta",
        position: 2,
        line: 1,
        column: 3,
      ),
    ),
    lexeme: "fn",
    kind: KeywordFn,
  ),
  Token(
    span: Span(
      start: Location(
        file_name: "start.ta",
        position: 3,
        line: 1,
        column: 4,
      ),
      end: Location(
        file_name: "start.ta",
        position: 7,
        line: 1,
        column: 8,
      ),
    ),
    lexeme: "main",
    kind: Identifier,
  ),
  Token(
    span: Span(
      start: Location(
        file_name: "start.ta",
        position: 7,
        line: 1,
        column: 8,
      ),
      end: Location(
        file_name: "start.ta",
        position: 8,
        line: 1,
        column: 9,
      ),
    ),
    lexeme: "(",
    kind: LeftParen,
  ),
  Token(
    span: Span(
      start: Location(
        file_name: "start.ta",
        position: 8,
        line: 1,
        column: 9,
      ),
      end: Location(
        file_name: "start.ta",
        position: 9,
        line: 1,
        column: 10,
      ),
    ),
    lexeme: ")",
    kind: RightParen,
  ),
  Token(
    span: Span(
      start: Location(
        file_name: "start.ta",
        position: 9,
        line: 1,
        column: 10,
      ),
      end: Location(
        file_name: "start.ta",
        position: 10,
        line: 1,
        column: 11,
      ),
    ),
    lexeme: ":",
    kind: Colon,
  ),
  Token(
    span: Span(
      start: Location(
        file_name: "start.ta",
        position: 11,
        line: 1,
        column: 12,
      ),
      end: Location(
        file_name: "start.ta",
        position: 14,
        line: 1,
        column: 15,
      ),
    ),
    lexeme: "i32",
    kind: Identifier,
  ),
  Token(
    span: Span(
      start: Location(
        file_name: "start.ta",
        position: 15,
        line: 1,
        column: 16,
      ),
      end: Location(
        file_name: "start.ta",
        position: 16,
        line: 1,
        column: 17,
      ),
    ),
    lexeme: "{",
    kind: LeftBrace,
  ),
  Token(
    span: Span(
      start: Location(
        file_name: "start.ta",
        position: 21,
        line: 2,
        column: 5,
      ),
      end: Location(
        file_name: "start.ta",
        position: 27,
        line: 2,
        column: 11,
      ),
    ),
    lexeme: "return",
    kind: KeywordReturn,
  ),
  Token(
    span: Span(
      start: Location(
        file_name: "start.ta",
        position: 28,
        line: 2,
        column: 12,
      ),
      end: Location(
        file_name: "start.ta",
        position: 29,
        line: 2,
        column: 13,
      ),
    ),
    lexeme: "0",
    kind: DecimalIntegerLiteral,
  ),
  Token(
    span: Span(
      start: Location(
        file_name: "start.ta",
        position: 29,
        line: 2,
        column: 13,
      ),
      end: Location(
        file_name: "start.ta",
        position: 30,
        line: 2,
        column: 14,
      ),
    ),
    lexeme: ";",
    kind: Semicolon,
  ),
  Token(
    span: Span(
      start: Location(
        file_name: "start.ta",
        position: 31,
        line: 3,
        column: 1,
      ),
      end: Location(
        file_name: "start.ta",
        position: 32,
        line: 3,
        column: 2,
      ),
    ),
    lexeme: "}",
    kind: RightBrace,
  ),
]
