---
source: tantalum_lexer/tests/snapshots.rs
expression: tokens
snapshot_kind: text
---
[
  Token(
    span: Span(
      start: Location(
        file_name: "loops.ta",
        position: 0,
        line: 1,
        column: 1,
      ),
      end: Location(
        file_name: "loops.ta",
        position: 6,
        line: 1,
        column: 7,
      ),
    ),
    lexeme: "extern",
    kind: KeywordExtern,
  ),
  Token(
    span: Span(
      start: Location(
        file_name: "loops.ta",
        position: 7,
        line: 1,
        column: 8,
      ),
      end: Location(
        file_name: "loops.ta",
        position: 9,
        line: 1,
        column: 10,
      ),
    ),
    lexeme: "fn",
    kind: KeywordFn,
  ),
  Token(
    span: Span(
      start: Location(
        file_name: "loops.ta",
        position: 10,
        line: 1,
        column: 11,
      ),
      end: Location(
        file_name: "loops.ta",
        position: 16,
        line: 1,
        column: 17,
      ),
    ),
    lexeme: "printf",
    kind: Identifier,
  ),
  Token(
    span: Span(
      start: Location(
        file_name: "loops.ta",
        position: 16,
        line: 1,
        column: 17,
      ),
      end: Location(
        file_name: "loops.ta",
        position: 17,
        line: 1,
        column: 18,
      ),
    ),
    lexeme: "(",
    kind: LeftParen,
  ),
  Token(
    span: Span(
      start: Location(
        file_name: "loops.ta",
        position: 17,
        line: 1,
        column: 18,
      ),
      end: Location(
        file_name: "loops.ta",
        position: 23,
        line: 1,
        column: 24,
      ),
    ),
    lexeme: "format",
    kind: Identifier,
  ),
  Token(
    span: Span(
      start: Location(
        file_name: "loops.ta",
        position: 23,
        line: 1,
        column: 24,
      ),
      end: Location(
        file_name: "loops.ta",
        position: 24,
        line: 1,
        column: 25,
      ),
    ),
    lexeme: ":",
    kind: Colon,
  ),
  Token(
    span: Span(
      start: Location(
        file_name: "loops.ta",
        position: 25,
        line: 1,
        column: 26,
      ),
      end: Location(
        file_name: "loops.ta",
        position: 26,
        line: 1,
        column: 27,
      ),
    ),
    lexeme: "*",
    kind: Star,
  ),
  Token(
    span: Span(
      start: Location(
        file_name: "loops.ta",
        position: 26,
        line: 1,
        column: 27,
      ),
      end: Location(
        file_name: "loops.ta",
        position: 31,
        line: 1,
        column: 32,
      ),
    ),
    lexeme: "const",
    kind: KeywordConst,
  ),
  Token(
    span: Span(
      start: Location(
        file_name: "loops.ta",
        position: 32,
        line: 1,
        column: 33,
      ),
      end: Location(
        file_name: "loops.ta",
        position: 34,
        line: 1,
        column: 35,
      ),
    ),
    lexeme: "u8",
    kind: Identifier,
  ),
  Token(
    span: Span(
      start: Location(
        file_name: "loops.ta",
        position: 34,
        line: 1,
        column: 35,
      ),
      end: Location(
        file_name: "loops.ta",
        position: 35,
        line: 1,
        column: 36,
      ),
    ),
    lexeme: ",",
    kind: Comma,
  ),
  Token(
    span: Span(
      start: Location(
        file_name: "loops.ta",
        position: 36,
        line: 1,
        column: 37,
      ),
      end: Location(
        file_name: "loops.ta",
        position: 39,
        line: 1,
        column: 40,
      ),
    ),
    lexeme: "...",
    kind: DotDotDot,
  ),
  Token(
    span: Span(
      start: Location(
        file_name: "loops.ta",
        position: 39,
        line: 1,
        column: 40,
      ),
      end: Location(
        file_name: "loops.ta",
        position: 40,
        line: 1,
        column: 41,
      ),
    ),
    lexeme: ")",
    kind: RightParen,
  ),
  Token(
    span: Span(
      start: Location(
        file_name: "loops.ta",
        position: 40,
        line: 1,
        column: 41,
      ),
      end: Location(
        file_name: "loops.ta",
        position: 41,
        line: 1,
        column: 42,
      ),
    ),
    lexeme: ":",
    kind: Colon,
  ),
  Token(
    span: Span(
      start: Location(
        file_name: "loops.ta",
        position: 42,
        line: 1,
        column: 43,
      ),
      end: Location(
        file_name: "loops.ta",
        position: 45,
        line: 1,
        column: 46,
      ),
    ),
    lexeme: "i32",
    kind: Identifier,
  ),
  Token(
    span: Span(
      start: Location(
        file_name: "loops.ta",
        position: 45,
        line: 1,
        column: 46,
      ),
      end: Location(
        file_name: "loops.ta",
        position: 46,
        line: 1,
        column: 47,
      ),
    ),
    lexeme: ";",
    kind: Semicolon,
  ),
  Token(
    span: Span(
      start: Location(
        file_name: "loops.ta",
        position: 48,
        line: 3,
        column: 1,
      ),
      end: Location(
        file_name: "loops.ta",
        position: 50,
        line: 3,
        column: 3,
      ),
    ),
    lexeme: "fn",
    kind: KeywordFn,
  ),
  Token(
    span: Span(
      start: Location(
        file_name: "loops.ta",
        position: 51,
        line: 3,
        column: 4,
      ),
      end: Location(
        file_name: "loops.ta",
        position: 55,
        line: 3,
        column: 8,
      ),
    ),
    lexeme: "main",
    kind: Identifier,
  ),
  Token(
    span: Span(
      start: Location(
        file_name: "loops.ta",
        position: 55,
        line: 3,
        column: 8,
      ),
      end: Location(
        file_name: "loops.ta",
        position: 56,
        line: 3,
        column: 9,
      ),
    ),
    lexeme: "(",
    kind: LeftParen,
  ),
  Token(
    span: Span(
      start: Location(
        file_name: "loops.ta",
        position: 56,
        line: 3,
        column: 9,
      ),
      end: Location(
        file_name: "loops.ta",
        position: 57,
        line: 3,
        column: 10,
      ),
    ),
    lexeme: ")",
    kind: RightParen,
  ),
  Token(
    span: Span(
      start: Location(
        file_name: "loops.ta",
        position: 57,
        line: 3,
        column: 10,
      ),
      end: Location(
        file_name: "loops.ta",
        position: 58,
        line: 3,
        column: 11,
      ),
    ),
    lexeme: ":",
    kind: Colon,
  ),
  Token(
    span: Span(
      start: Location(
        file_name: "loops.ta",
        position: 59,
        line: 3,
        column: 12,
      ),
      end: Location(
        file_name: "loops.ta",
        position: 62,
        line: 3,
        column: 15,
      ),
    ),
    lexeme: "i32",
    kind: Identifier,
  ),
  Token(
    span: Span(
      start: Location(
        file_name: "loops.ta",
        position: 63,
        line: 3,
        column: 16,
      ),
      end: Location(
        file_name: "loops.ta",
        position: 64,
        line: 3,
        column: 17,
      ),
    ),
    lexeme: "{",
    kind: LeftBrace,
  ),
  Token(
    span: Span(
      start: Location(
        file_name: "loops.ta",
        position: 69,
        line: 4,
        column: 5,
      ),
      end: Location(
        file_name: "loops.ta",
        position: 72,
        line: 4,
        column: 8,
      ),
    ),
    lexeme: "let",
    kind: KeywordLet,
  ),
  Token(
    span: Span(
      start: Location(
        file_name: "loops.ta",
        position: 73,
        line: 4,
        column: 9,
      ),
      end: Location(
        file_name: "loops.ta",
        position: 74,
        line: 4,
        column: 10,
      ),
    ),
    lexeme: "a",
    kind: Identifier,
  ),
  Token(
    span: Span(
      start: Location(
        file_name: "loops.ta",
        position: 74,
        line: 4,
        column: 10,
      ),
      end: Location(
        file_name: "loops.ta",
        position: 75,
        line: 4,
        column: 11,
      ),
    ),
    lexeme: ":",
    kind: Colon,
  ),
  Token(
    span: Span(
      start: Location(
        file_name: "loops.ta",
        position: 76,
        line: 4,
        column: 12,
      ),
      end: Location(
        file_name: "loops.ta",
        position: 79,
        line: 4,
        column: 15,
      ),
    ),
    lexeme: "i32",
    kind: Identifier,
  ),
  Token(
    span: Span(
      start: Location(
        file_name: "loops.ta",
        position: 80,
        line: 4,
        column: 16,
      ),
      end: Location(
        file_name: "loops.ta",
        position: 81,
        line: 4,
        column: 17,
      ),
    ),
    lexeme: "=",
    kind: Equal,
  ),
  Token(
    span: Span(
      start: Location(
        file_name: "loops.ta",
        position: 82,
        line: 4,
        column: 18,
      ),
      end: Location(
        file_name: "loops.ta",
        position: 84,
        line: 4,
        column: 20,
      ),
    ),
    lexeme: "10",
    kind: DecimalIntegerLiteral,
  ),
  Token(
    span: Span(
      start: Location(
        file_name: "loops.ta",
        position: 84,
        line: 4,
        column: 20,
      ),
      end: Location(
        file_name: "loops.ta",
        position: 85,
        line: 4,
        column: 21,
      ),
    ),
    lexeme: ";",
    kind: Semicolon,
  ),
  Token(
    span: Span(
      start: Location(
        file_name: "loops.ta",
        position: 90,
        line: 5,
        column: 5,
      ),
      end: Location(
        file_name: "loops.ta",
        position: 93,
        line: 5,
        column: 8,
      ),
    ),
    lexeme: "let",
    kind: KeywordLet,
  ),
  Token(
    span: Span(
      start: Location(
        file_name: "loops.ta",
        position: 94,
        line: 5,
        column: 9,
      ),
      end: Location(
        file_name: "loops.ta",
        position: 95,
        line: 5,
        column: 10,
      ),
    ),
    lexeme: "b",
    kind: Identifier,
  ),
  Token(
    span: Span(
      start: Location(
        file_name: "loops.ta",
        position: 95,
        line: 5,
        column: 10,
      ),
      end: Location(
        file_name: "loops.ta",
        position: 96,
        line: 5,
        column: 11,
      ),
    ),
    lexeme: ":",
    kind: Colon,
  ),
  Token(
    span: Span(
      start: Location(
        file_name: "loops.ta",
        position: 97,
        line: 5,
        column: 12,
      ),
      end: Location(
        file_name: "loops.ta",
        position: 100,
        line: 5,
        column: 15,
      ),
    ),
    lexeme: "i32",
    kind: Identifier,
  ),
  Token(
    span: Span(
      start: Location(
        file_name: "loops.ta",
        position: 101,
        line: 5,
        column: 16,
      ),
      end: Location(
        file_name: "loops.ta",
        position: 102,
        line: 5,
        column: 17,
      ),
    ),
    lexeme: "=",
    kind: Equal,
  ),
  Token(
    span: Span(
      start: Location(
        file_name: "loops.ta",
        position: 103,
        line: 5,
        column: 18,
      ),
      end: Location(
        file_name: "loops.ta",
        position: 105,
        line: 5,
        column: 20,
      ),
    ),
    lexeme: "20",
    kind: DecimalIntegerLiteral,
  ),
  Token(
    span: Span(
      start: Location(
        file_name: "loops.ta",
        position: 105,
        line: 5,
        column: 20,
      ),
      end: Location(
        file_name: "loops.ta",
        position: 106,
        line: 5,
        column: 21,
      ),
    ),
    lexeme: ";",
    kind: Semicolon,
  ),
  Token(
    span: Span(
      start: Location(
        file_name: "loops.ta",
        position: 111,
        line: 6,
        column: 5,
      ),
      end: Location(
        file_name: "loops.ta",
        position: 114,
        line: 6,
        column: 8,
      ),
    ),
    lexeme: "let",
    kind: KeywordLet,
  ),
  Token(
    span: Span(
      start: Location(
        file_name: "loops.ta",
        position: 115,
        line: 6,
        column: 9,
      ),
      end: Location(
        file_name: "loops.ta",
        position: 116,
        line: 6,
        column: 10,
      ),
    ),
    lexeme: "c",
    kind: Identifier,
  ),
  Token(
    span: Span(
      start: Location(
        file_name: "loops.ta",
        position: 116,
        line: 6,
        column: 10,
      ),
      end: Location(
        file_name: "loops.ta",
        position: 117,
        line: 6,
        column: 11,
      ),
    ),
    lexeme: ":",
    kind: Colon,
  ),
  Token(
    span: Span(
      start: Location(
        file_name: "loops.ta",
        position: 118,
        line: 6,
        column: 12,
      ),
      end: Location(
        file_name: "loops.ta",
        position: 121,
        line: 6,
        column: 15,
      ),
    ),
    lexeme: "i32",
    kind: Identifier,
  ),
  Token(
    span: Span(
      start: Location(
        file_name: "loops.ta",
        position: 122,
        line: 6,
        column: 16,
      ),
      end: Location(
        file_name: "loops.ta",
        position: 123,
        line: 6,
        column: 17,
      ),
    ),
    lexeme: "=",
    kind: Equal,
  ),
  Token(
    span: Span(
      start: Location(
        file_name: "loops.ta",
        position: 124,
        line: 6,
        column: 18,
      ),
      end: Location(
        file_name: "loops.ta",
        position: 126,
        line: 6,
        column: 20,
      ),
    ),
    lexeme: "30",
    kind: DecimalIntegerLiteral,
  ),
  Token(
    span: Span(
      start: Location(
        file_name: "loops.ta",
        position: 126,
        line: 6,
        column: 20,
      ),
      end: Location(
        file_name: "loops.ta",
        position: 127,
        line: 6,
        column: 21,
      ),
    ),
    lexeme: ";",
    kind: Semicolon,
  ),
  Token(
    span: Span(
      start: Location(
        file_name: "loops.ta",
        position: 133,
        line: 8,
        column: 5,
      ),
      end: Location(
        file_name: "loops.ta",
        position: 138,
        line: 8,
        column: 10,
      ),
    ),
    lexeme: "while",
    kind: KeywordWhile,
  ),
  Token(
    span: Span(
      start: Location(
        file_name: "loops.ta",
        position: 139,
        line: 8,
        column: 11,
      ),
      end: Location(
        file_name: "loops.ta",
        position: 140,
        line: 8,
        column: 12,
      ),
    ),
    lexeme: "b",
    kind: Identifier,
  ),
  Token(
    span: Span(
      start: Location(
        file_name: "loops.ta",
        position: 141,
        line: 8,
        column: 13,
      ),
      end: Location(
        file_name: "loops.ta",
        position: 142,
        line: 8,
        column: 14,
      ),
    ),
    lexeme: ">",
    kind: RightAngle,
  ),
  Token(
    span: Span(
      start: Location(
        file_name: "loops.ta",
        position: 143,
        line: 8,
        column: 15,
      ),
      end: Location(
        file_name: "loops.ta",
        position: 144,
        line: 8,
        column: 16,
      ),
    ),
    lexeme: "a",
    kind: Identifier,
  ),
  Token(
    span: Span(
      start: Location(
        file_name: "loops.ta",
        position: 145,
        line: 8,
        column: 17,
      ),
      end: Location(
        file_name: "loops.ta",
        position: 146,
        line: 8,
        column: 18,
      ),
    ),
    lexeme: "{",
    kind: LeftBrace,
  ),
  Token(
    span: Span(
      start: Location(
        file_name: "loops.ta",
        position: 155,
        line: 9,
        column: 9,
      ),
      end: Location(
        file_name: "loops.ta",
        position: 156,
        line: 9,
        column: 10,
      ),
    ),
    lexeme: "a",
    kind: Identifier,
  ),
  Token(
    span: Span(
      start: Location(
        file_name: "loops.ta",
        position: 157,
        line: 9,
        column: 11,
      ),
      end: Location(
        file_name: "loops.ta",
        position: 158,
        line: 9,
        column: 12,
      ),
    ),
    lexeme: "=",
    kind: Equal,
  ),
  Token(
    span: Span(
      start: Location(
        file_name: "loops.ta",
        position: 159,
        line: 9,
        column: 13,
      ),
      end: Location(
        file_name: "loops.ta",
        position: 160,
        line: 9,
        column: 14,
      ),
    ),
    lexeme: "a",
    kind: Identifier,
  ),
  Token(
    span: Span(
      start: Location(
        file_name: "loops.ta",
        position: 161,
        line: 9,
        column: 15,
      ),
      end: Location(
        file_name: "loops.ta",
        position: 162,
        line: 9,
        column: 16,
      ),
    ),
    lexeme: "+",
    kind: Plus,
  ),
  Token(
    span: Span(
      start: Location(
        file_name: "loops.ta",
        position: 163,
        line: 9,
        column: 17,
      ),
      end: Location(
        file_name: "loops.ta",
        position: 164,
        line: 9,
        column: 18,
      ),
    ),
    lexeme: "1",
    kind: DecimalIntegerLiteral,
  ),
  Token(
    span: Span(
      start: Location(
        file_name: "loops.ta",
        position: 164,
        line: 9,
        column: 18,
      ),
      end: Location(
        file_name: "loops.ta",
        position: 165,
        line: 9,
        column: 19,
      ),
    ),
    lexeme: ";",
    kind: Semicolon,
  ),
  Token(
    span: Span(
      start: Location(
        file_name: "loops.ta",
        position: 175,
        line: 11,
        column: 9,
      ),
      end: Location(
        file_name: "loops.ta",
        position: 177,
        line: 11,
        column: 11,
      ),
    ),
    lexeme: "if",
    kind: KeywordIf,
  ),
  Token(
    span: Span(
      start: Location(
        file_name: "loops.ta",
        position: 178,
        line: 11,
        column: 12,
      ),
      end: Location(
        file_name: "loops.ta",
        position: 179,
        line: 11,
        column: 13,
      ),
    ),
    lexeme: "a",
    kind: Identifier,
  ),
  Token(
    span: Span(
      start: Location(
        file_name: "loops.ta",
        position: 180,
        line: 11,
        column: 14,
      ),
      end: Location(
        file_name: "loops.ta",
        position: 182,
        line: 11,
        column: 16,
      ),
    ),
    lexeme: "==",
    kind: EqualEqual,
  ),
  Token(
    span: Span(
      start: Location(
        file_name: "loops.ta",
        position: 183,
        line: 11,
        column: 17,
      ),
      end: Location(
        file_name: "loops.ta",
        position: 185,
        line: 11,
        column: 19,
      ),
    ),
    lexeme: "15",
    kind: DecimalIntegerLiteral,
  ),
  Token(
    span: Span(
      start: Location(
        file_name: "loops.ta",
        position: 186,
        line: 11,
        column: 20,
      ),
      end: Location(
        file_name: "loops.ta",
        position: 187,
        line: 11,
        column: 21,
      ),
    ),
    lexeme: "{",
    kind: LeftBrace,
  ),
  Token(
    span: Span(
      start: Location(
        file_name: "loops.ta",
        position: 200,
        line: 12,
        column: 13,
      ),
      end: Location(
        file_name: "loops.ta",
        position: 208,
        line: 12,
        column: 21,
      ),
    ),
    lexeme: "continue",
    kind: KeywordContinue,
  ),
  Token(
    span: Span(
      start: Location(
        file_name: "loops.ta",
        position: 208,
        line: 12,
        column: 21,
      ),
      end: Location(
        file_name: "loops.ta",
        position: 209,
        line: 12,
        column: 22,
      ),
    ),
    lexeme: ";",
    kind: Semicolon,
  ),
  Token(
    span: Span(
      start: Location(
        file_name: "loops.ta",
        position: 218,
        line: 13,
        column: 9,
      ),
      end: Location(
        file_name: "loops.ta",
        position: 219,
        line: 13,
        column: 10,
      ),
    ),
    lexeme: "}",
    kind: RightBrace,
  ),
  Token(
    span: Span(
      start: Location(
        file_name: "loops.ta",
        position: 224,
        line: 14,
        column: 5,
      ),
      end: Location(
        file_name: "loops.ta",
        position: 225,
        line: 14,
        column: 6,
      ),
    ),
    lexeme: "}",
    kind: RightBrace,
  ),
  Token(
    span: Span(
      start: Location(
        file_name: "loops.ta",
        position: 231,
        line: 16,
        column: 5,
      ),
      end: Location(
        file_name: "loops.ta",
        position: 237,
        line: 16,
        column: 11,
      ),
    ),
    lexeme: "printf",
    kind: Identifier,
  ),
  Token(
    span: Span(
      start: Location(
        file_name: "loops.ta",
        position: 237,
        line: 16,
        column: 11,
      ),
      end: Location(
        file_name: "loops.ta",
        position: 238,
        line: 16,
        column: 12,
      ),
    ),
    lexeme: "(",
    kind: LeftParen,
  ),
  Token(
    span: Span(
      start: Location(
        file_name: "loops.ta",
        position: 238,
        line: 16,
        column: 12,
      ),
      end: Location(
        file_name: "loops.ta",
        position: 247,
        line: 16,
        column: 21,
      ),
    ),
    lexeme: "\"a: %d\\n\"",
    kind: StringLiteral,
  ),
  Token(
    span: Span(
      start: Location(
        file_name: "loops.ta",
        position: 247,
        line: 16,
        column: 21,
      ),
      end: Location(
        file_name: "loops.ta",
        position: 248,
        line: 16,
        column: 22,
      ),
    ),
    lexeme: ",",
    kind: Comma,
  ),
  Token(
    span: Span(
      start: Location(
        file_name: "loops.ta",
        position: 249,
        line: 16,
        column: 23,
      ),
      end: Location(
        file_name: "loops.ta",
        position: 250,
        line: 16,
        column: 24,
      ),
    ),
    lexeme: "a",
    kind: Identifier,
  ),
  Token(
    span: Span(
      start: Location(
        file_name: "loops.ta",
        position: 250,
        line: 16,
        column: 24,
      ),
      end: Location(
        file_name: "loops.ta",
        position: 251,
        line: 16,
        column: 25,
      ),
    ),
    lexeme: ")",
    kind: RightParen,
  ),
  Token(
    span: Span(
      start: Location(
        file_name: "loops.ta",
        position: 251,
        line: 16,
        column: 25,
      ),
      end: Location(
        file_name: "loops.ta",
        position: 252,
        line: 16,
        column: 26,
      ),
    ),
    lexeme: ";",
    kind: Semicolon,
  ),
  Token(
    span: Span(
      start: Location(
        file_name: "loops.ta",
        position: 258,
        line: 18,
        column: 5,
      ),
      end: Location(
        file_name: "loops.ta",
        position: 261,
        line: 18,
        column: 8,
      ),
    ),
    lexeme: "for",
    kind: KeywordFor,
  ),
  Token(
    span: Span(
      start: Location(
        file_name: "loops.ta",
        position: 262,
        line: 18,
        column: 9,
      ),
      end: Location(
        file_name: "loops.ta",
        position: 265,
        line: 18,
        column: 12,
      ),
    ),
    lexeme: "let",
    kind: KeywordLet,
  ),
  Token(
    span: Span(
      start: Location(
        file_name: "loops.ta",
        position: 266,
        line: 18,
        column: 13,
      ),
      end: Location(
        file_name: "loops.ta",
        position: 267,
        line: 18,
        column: 14,
      ),
    ),
    lexeme: "i",
    kind: Identifier,
  ),
  Token(
    span: Span(
      start: Location(
        file_name: "loops.ta",
        position: 267,
        line: 18,
        column: 14,
      ),
      end: Location(
        file_name: "loops.ta",
        position: 268,
        line: 18,
        column: 15,
      ),
    ),
    lexeme: ":",
    kind: Colon,
  ),
  Token(
    span: Span(
      start: Location(
        file_name: "loops.ta",
        position: 269,
        line: 18,
        column: 16,
      ),
      end: Location(
        file_name: "loops.ta",
        position: 272,
        line: 18,
        column: 19,
      ),
    ),
    lexeme: "i32",
    kind: Identifier,
  ),
  Token(
    span: Span(
      start: Location(
        file_name: "loops.ta",
        position: 273,
        line: 18,
        column: 20,
      ),
      end: Location(
        file_name: "loops.ta",
        position: 274,
        line: 18,
        column: 21,
      ),
    ),
    lexeme: "=",
    kind: Equal,
  ),
  Token(
    span: Span(
      start: Location(
        file_name: "loops.ta",
        position: 275,
        line: 18,
        column: 22,
      ),
      end: Location(
        file_name: "loops.ta",
        position: 276,
        line: 18,
        column: 23,
      ),
    ),
    lexeme: "a",
    kind: Identifier,
  ),
  Token(
    span: Span(
      start: Location(
        file_name: "loops.ta",
        position: 276,
        line: 18,
        column: 23,
      ),
      end: Location(
        file_name: "loops.ta",
        position: 277,
        line: 18,
        column: 24,
      ),
    ),
    lexeme: ";",
    kind: Semicolon,
  ),
  Token(
    span: Span(
      start: Location(
        file_name: "loops.ta",
        position: 278,
        line: 18,
        column: 25,
      ),
      end: Location(
        file_name: "loops.ta",
        position: 279,
        line: 18,
        column: 26,
      ),
    ),
    lexeme: "i",
    kind: Identifier,
  ),
  Token(
    span: Span(
      start: Location(
        file_name: "loops.ta",
        position: 280,
        line: 18,
        column: 27,
      ),
      end: Location(
        file_name: "loops.ta",
        position: 281,
        line: 18,
        column: 28,
      ),
    ),
    lexeme: "<",
    kind: LeftAngle,
  ),
  Token(
    span: Span(
      start: Location(
        file_name: "loops.ta",
        position: 282,
        line: 18,
        column: 29,
      ),
      end: Location(
        file_name: "loops.ta",
        position: 283,
        line: 18,
        column: 30,
      ),
    ),
    lexeme: "c",
    kind: Identifier,
  ),
  Token(
    span: Span(
      start: Location(
        file_name: "loops.ta",
        position: 283,
        line: 18,
        column: 30,
      ),
      end: Location(
        file_name: "loops.ta",
        position: 284,
        line: 18,
        column: 31,
      ),
    ),
    lexeme: ";",
    kind: Semicolon,
  ),
  Token(
    span: Span(
      start: Location(
        file_name: "loops.ta",
        position: 285,
        line: 18,
        column: 32,
      ),
      end: Location(
        file_name: "loops.ta",
        position: 286,
        line: 18,
        column: 33,
      ),
    ),
    lexeme: "i",
    kind: Identifier,
  ),
  Token(
    span: Span(
      start: Location(
        file_name: "loops.ta",
        position: 287,
        line: 18,
        column: 34,
      ),
      end: Location(
        file_name: "loops.ta",
        position: 288,
        line: 18,
        column: 35,
      ),
    ),
    lexeme: "=",
    kind: Equal,
  ),
  Token(
    span: Span(
      start: Location(
        file_name: "loops.ta",
        position: 289,
        line: 18,
        column: 36,
      ),
      end: Location(
        file_name: "loops.ta",
        position: 290,
        line: 18,
        column: 37,
      ),
    ),
    lexeme: "i",
    kind: Identifier,
  ),
  Token(
    span: Span(
      start: Location(
        file_name: "loops.ta",
        position: 291,
        line: 18,
        column: 38,
      ),
      end: Location(
        file_name: "loops.ta",
        position: 292,
        line: 18,
        column: 39,
      ),
    ),
    lexeme: "+",
    kind: Plus,
  ),
  Token(
    span: Span(
      start: Location(
        file_name: "loops.ta",
        position: 293,
        line: 18,
        column: 40,
      ),
      end: Location(
        file_name: "loops.ta",
        position: 294,
        line: 18,
        column: 41,
      ),
    ),
    lexeme: "1",
    kind: DecimalIntegerLiteral,
  ),
  Token(
    span: Span(
      start: Location(
        file_name: "loops.ta",
        position: 294,
        line: 18,
        column: 41,
      ),
      end: Location(
        file_name: "loops.ta",
        position: 295,
        line: 18,
        column: 42,
      ),
    ),
    lexeme: ";",
    kind: Semicolon,
  ),
  Token(
    span: Span(
      start: Location(
        file_name: "loops.ta",
        position: 296,
        line: 18,
        column: 43,
      ),
      end: Location(
        file_name: "loops.ta",
        position: 297,
        line: 18,
        column: 44,
      ),
    ),
    lexeme: "{",
    kind: LeftBrace,
  ),
  Token(
    span: Span(
      start: Location(
        file_name: "loops.ta",
        position: 306,
        line: 19,
        column: 9,
      ),
      end: Location(
        file_name: "loops.ta",
        position: 312,
        line: 19,
        column: 15,
      ),
    ),
    lexeme: "printf",
    kind: Identifier,
  ),
  Token(
    span: Span(
      start: Location(
        file_name: "loops.ta",
        position: 312,
        line: 19,
        column: 15,
      ),
      end: Location(
        file_name: "loops.ta",
        position: 313,
        line: 19,
        column: 16,
      ),
    ),
    lexeme: "(",
    kind: LeftParen,
  ),
  Token(
    span: Span(
      start: Location(
        file_name: "loops.ta",
        position: 313,
        line: 19,
        column: 16,
      ),
      end: Location(
        file_name: "loops.ta",
        position: 322,
        line: 19,
        column: 25,
      ),
    ),
    lexeme: "\"i: %d\\n\"",
    kind: StringLiteral,
  ),
  Token(
    span: Span(
      start: Location(
        file_name: "loops.ta",
        position: 322,
        line: 19,
        column: 25,
      ),
      end: Location(
        file_name: "loops.ta",
        position: 323,
        line: 19,
        column: 26,
      ),
    ),
    lexeme: ",",
    kind: Comma,
  ),
  Token(
    span: Span(
      start: Location(
        file_name: "loops.ta",
        position: 324,
        line: 19,
        column: 27,
      ),
      end: Location(
        file_name: "loops.ta",
        position: 325,
        line: 19,
        column: 28,
      ),
    ),
    lexeme: "i",
    kind: Identifier,
  ),
  Token(
    span: Span(
      start: Location(
        file_name: "loops.ta",
        position: 325,
        line: 19,
        column: 28,
      ),
      end: Location(
        file_name: "loops.ta",
        position: 326,
        line: 19,
        column: 29,
      ),
    ),
    lexeme: ")",
    kind: RightParen,
  ),
  Token(
    span: Span(
      start: Location(
        file_name: "loops.ta",
        position: 326,
        line: 19,
        column: 29,
      ),
      end: Location(
        file_name: "loops.ta",
        position: 327,
        line: 19,
        column: 30,
      ),
    ),
    lexeme: ";",
    kind: Semicolon,
  ),
  Token(
    span: Span(
      start: Location(
        file_name: "loops.ta",
        position: 332,
        line: 20,
        column: 5,
      ),
      end: Location(
        file_name: "loops.ta",
        position: 333,
        line: 20,
        column: 6,
      ),
    ),
    lexeme: "}",
    kind: RightBrace,
  ),
  Token(
    span: Span(
      start: Location(
        file_name: "loops.ta",
        position: 339,
        line: 22,
        column: 5,
      ),
      end: Location(
        file_name: "loops.ta",
        position: 345,
        line: 22,
        column: 11,
      ),
    ),
    lexeme: "printf",
    kind: Identifier,
  ),
  Token(
    span: Span(
      start: Location(
        file_name: "loops.ta",
        position: 345,
        line: 22,
        column: 11,
      ),
      end: Location(
        file_name: "loops.ta",
        position: 346,
        line: 22,
        column: 12,
      ),
    ),
    lexeme: "(",
    kind: LeftParen,
  ),
  Token(
    span: Span(
      start: Location(
        file_name: "loops.ta",
        position: 346,
        line: 22,
        column: 12,
      ),
      end: Location(
        file_name: "loops.ta",
        position: 369,
        line: 22,
        column: 35,
      ),
    ),
    lexeme: "\"a: %d, b: %d, c: %d\\n\"",
    kind: StringLiteral,
  ),
  Token(
    span: Span(
      start: Location(
        file_name: "loops.ta",
        position: 369,
        line: 22,
        column: 35,
      ),
      end: Location(
        file_name: "loops.ta",
        position: 370,
        line: 22,
        column: 36,
      ),
    ),
    lexeme: ",",
    kind: Comma,
  ),
  Token(
    span: Span(
      start: Location(
        file_name: "loops.ta",
        position: 371,
        line: 22,
        column: 37,
      ),
      end: Location(
        file_name: "loops.ta",
        position: 372,
        line: 22,
        column: 38,
      ),
    ),
    lexeme: "a",
    kind: Identifier,
  ),
  Token(
    span: Span(
      start: Location(
        file_name: "loops.ta",
        position: 372,
        line: 22,
        column: 38,
      ),
      end: Location(
        file_name: "loops.ta",
        position: 373,
        line: 22,
        column: 39,
      ),
    ),
    lexeme: ",",
    kind: Comma,
  ),
  Token(
    span: Span(
      start: Location(
        file_name: "loops.ta",
        position: 374,
        line: 22,
        column: 40,
      ),
      end: Location(
        file_name: "loops.ta",
        position: 375,
        line: 22,
        column: 41,
      ),
    ),
    lexeme: "b",
    kind: Identifier,
  ),
  Token(
    span: Span(
      start: Location(
        file_name: "loops.ta",
        position: 375,
        line: 22,
        column: 41,
      ),
      end: Location(
        file_name: "loops.ta",
        position: 376,
        line: 22,
        column: 42,
      ),
    ),
    lexeme: ",",
    kind: Comma,
  ),
  Token(
    span: Span(
      start: Location(
        file_name: "loops.ta",
        position: 377,
        line: 22,
        column: 43,
      ),
      end: Location(
        file_name: "loops.ta",
        position: 378,
        line: 22,
        column: 44,
      ),
    ),
    lexeme: "c",
    kind: Identifier,
  ),
  Token(
    span: Span(
      start: Location(
        file_name: "loops.ta",
        position: 378,
        line: 22,
        column: 44,
      ),
      end: Location(
        file_name: "loops.ta",
        position: 379,
        line: 22,
        column: 45,
      ),
    ),
    lexeme: ")",
    kind: RightParen,
  ),
  Token(
    span: Span(
      start: Location(
        file_name: "loops.ta",
        position: 379,
        line: 22,
        column: 45,
      ),
      end: Location(
        file_name: "loops.ta",
        position: 380,
        line: 22,
        column: 46,
      ),
    ),
    lexeme: ";",
    kind: Semicolon,
  ),
  Token(
    span: Span(
      start: Location(
        file_name: "loops.ta",
        position: 386,
        line: 24,
        column: 5,
      ),
      end: Location(
        file_name: "loops.ta",
        position: 392,
        line: 24,
        column: 11,
      ),
    ),
    lexeme: "return",
    kind: KeywordReturn,
  ),
  Token(
    span: Span(
      start: Location(
        file_name: "loops.ta",
        position: 393,
        line: 24,
        column: 12,
      ),
      end: Location(
        file_name: "loops.ta",
        position: 394,
        line: 24,
        column: 13,
      ),
    ),
    lexeme: "0",
    kind: DecimalIntegerLiteral,
  ),
  Token(
    span: Span(
      start: Location(
        file_name: "loops.ta",
        position: 394,
        line: 24,
        column: 13,
      ),
      end: Location(
        file_name: "loops.ta",
        position: 395,
        line: 24,
        column: 14,
      ),
    ),
    lexeme: ";",
    kind: Semicolon,
  ),
  Token(
    span: Span(
      start: Location(
        file_name: "loops.ta",
        position: 396,
        line: 25,
        column: 1,
      ),
      end: Location(
        file_name: "loops.ta",
        position: 397,
        line: 25,
        column: 2,
      ),
    ),
    lexeme: "}",
    kind: RightBrace,
  ),
]
