---
source: tantalum_ast_lowering/tests/snapshots.rs
expression: package
snapshot_kind: text
---
HLIRPackage {
    types: {
        HLIRPath {
            components: [
                "bool",
            ],
        }: Builtin(
            Bool,
        ),
        HLIRPath {
            components: [
                "char",
            ],
        }: Builtin(
            Char,
        ),
        HLIRPath {
            components: [
                "f32",
            ],
        }: Builtin(
            F32,
        ),
        HLIRPath {
            components: [
                "f64",
            ],
        }: Builtin(
            F64,
        ),
        HLIRPath {
            components: [
                "i16",
            ],
        }: Builtin(
            I16,
        ),
        HLIRPath {
            components: [
                "i32",
            ],
        }: Builtin(
            I32,
        ),
        HLIRPath {
            components: [
                "i64",
            ],
        }: Builtin(
            I64,
        ),
        HLIRPath {
            components: [
                "i8",
            ],
        }: Builtin(
            I8,
        ),
        HLIRPath {
            components: [
                "str",
            ],
        }: Builtin(
            Str,
        ),
        HLIRPath {
            components: [
                "u16",
            ],
        }: Builtin(
            U16,
        ),
        HLIRPath {
            components: [
                "u32",
            ],
        }: Builtin(
            U32,
        ),
        HLIRPath {
            components: [
                "u64",
            ],
        }: Builtin(
            U64,
        ),
        HLIRPath {
            components: [
                "u8",
            ],
        }: Builtin(
            U8,
        ),
        HLIRPath {
            components: [
                "void",
            ],
        }: Builtin(
            Void,
        ),
    },
    scope: HLIRScope {
        next_index: ScopedValueIndex(
            4,
        ),
        names: {
            ScopedValueIndex(
                0,
            ): (
                Function(
                    HLIRFunctionPrototype {
                        name: "main",
                        inner: HLIRFunctionPrototypeAnonymous {
                            parameters: [],
                            is_variadic: false,
                            return_type: Builtin(
                                I32,
                            ),
                        },
                        parameter_names: [],
                    },
                ),
                Some(
                    Function(
                        HLIRFunctionType {
                            prototype: HLIRFunctionPrototypeAnonymous {
                                parameters: [],
                                is_variadic: false,
                                return_type: Builtin(
                                    I32,
                                ),
                            },
                        },
                    ),
                ),
            ),
            ScopedValueIndex(
                1,
            ): (
                Variable(
                    "a",
                ),
                Some(
                    Builtin(
                        I32,
                    ),
                ),
            ),
            ScopedValueIndex(
                2,
            ): (
                Variable(
                    "b",
                ),
                Some(
                    Builtin(
                        I32,
                    ),
                ),
            ),
            ScopedValueIndex(
                3,
            ): (
                Variable(
                    "c",
                ),
                Some(
                    Builtin(
                        I32,
                    ),
                ),
            ),
        },
        global: RefCell {
            value: HLIRScopeBlock {
                variables: {
                    "main": ScopedValueIndex(
                        0,
                    ),
                },
                parent: None,
            },
        },
        frames: [],
    },
    prototypes: {
        "main": HLIRFunctionPrototype {
            name: "main",
            inner: HLIRFunctionPrototypeAnonymous {
                parameters: [],
                is_variadic: false,
                return_type: Builtin(
                    I32,
                ),
            },
            parameter_names: [],
        },
    },
    functions: {
        HLIRFunctionPrototype {
            name: "main",
            inner: HLIRFunctionPrototypeAnonymous {
                parameters: [],
                is_variadic: false,
                return_type: Builtin(
                    I32,
                ),
            },
            parameter_names: [],
        }: HLIRFunction {
            prototype: HLIRFunctionPrototype {
                name: "main",
                inner: HLIRFunctionPrototypeAnonymous {
                    parameters: [],
                    is_variadic: false,
                    return_type: Builtin(
                        I32,
                    ),
                },
                parameter_names: [],
            },
            scope: RefCell {
                value: HLIRScopeBlock {
                    variables: {},
                    parent: Some(
                        RefCell {
                            value: HLIRScopeBlock {
                                variables: {
                                    "main": ScopedValueIndex(
                                        0,
                                    ),
                                },
                                parent: None,
                            },
                        },
                    ),
                },
            },
            body: Block(
                HLIRBlock {
                    scope: RefCell {
                        value: HLIRScopeBlock {
                            variables: {
                                "a": ScopedValueIndex(
                                    1,
                                ),
                                "b": ScopedValueIndex(
                                    2,
                                ),
                                "c": ScopedValueIndex(
                                    3,
                                ),
                            },
                            parent: Some(
                                RefCell {
                                    value: HLIRScopeBlock {
                                        variables: {},
                                        parent: Some(
                                            RefCell {
                                                value: HLIRScopeBlock {
                                                    variables: {
                                                        "main": ScopedValueIndex(
                                                            0,
                                                        ),
                                                    },
                                                    parent: None,
                                                },
                                            },
                                        ),
                                    },
                                },
                            ),
                        },
                    },
                    statements: [
                        VariableDeclaration(
                            HLIRVariableDeclaration {
                                index: ScopedValueIndex(
                                    1,
                                ),
                                ty: Some(
                                    Builtin(
                                        I32,
                                    ),
                                ),
                                value: Literal(
                                    HLIRLiteral(
                                        Integer {
                                            value: "10",
                                            radix: 10,
                                        },
                                    ),
                                ),
                            },
                        ),
                        VariableDeclaration(
                            HLIRVariableDeclaration {
                                index: ScopedValueIndex(
                                    2,
                                ),
                                ty: Some(
                                    Builtin(
                                        I32,
                                    ),
                                ),
                                value: Literal(
                                    HLIRLiteral(
                                        Integer {
                                            value: "20",
                                            radix: 10,
                                        },
                                    ),
                                ),
                            },
                        ),
                        VariableDeclaration(
                            HLIRVariableDeclaration {
                                index: ScopedValueIndex(
                                    3,
                                ),
                                ty: Some(
                                    Builtin(
                                        I32,
                                    ),
                                ),
                                value: Literal(
                                    HLIRLiteral(
                                        Integer {
                                            value: "30",
                                            radix: 10,
                                        },
                                    ),
                                ),
                            },
                        ),
                        If(
                            HLIRIf {
                                condition: BinaryOperation(
                                    HLIRBinaryOperation {
                                        left: Variable(
                                            ScopedValueIndex(
                                                1,
                                            ),
                                        ),
                                        operator: GreaterThan,
                                        right: Variable(
                                            ScopedValueIndex(
                                                2,
                                            ),
                                        ),
                                    },
                                ),
                                body: Block(
                                    HLIRBlock {
                                        scope: RefCell {
                                            value: HLIRScopeBlock {
                                                variables: {},
                                                parent: Some(
                                                    RefCell {
                                                        value: HLIRScopeBlock {
                                                            variables: {
                                                                "a": ScopedValueIndex(
                                                                    1,
                                                                ),
                                                                "b": ScopedValueIndex(
                                                                    2,
                                                                ),
                                                                "c": ScopedValueIndex(
                                                                    3,
                                                                ),
                                                            },
                                                            parent: Some(
                                                                RefCell {
                                                                    value: HLIRScopeBlock {
                                                                        variables: {},
                                                                        parent: Some(
                                                                            RefCell {
                                                                                value: HLIRScopeBlock {
                                                                                    variables: {
                                                                                        "main": ScopedValueIndex(
                                                                                            0,
                                                                                        ),
                                                                                    },
                                                                                    parent: None,
                                                                                },
                                                                            },
                                                                        ),
                                                                    },
                                                                },
                                                            ),
                                                        },
                                                    },
                                                ),
                                            },
                                        },
                                        statements: [
                                            Return(
                                                HLIRReturn {
                                                    value: Some(
                                                        Variable(
                                                            ScopedValueIndex(
                                                                1,
                                                            ),
                                                        ),
                                                    ),
                                                },
                                            ),
                                        ],
                                    },
                                ),
                                else_branch: Some(
                                    If(
                                        HLIRIf {
                                            condition: BinaryOperation(
                                                HLIRBinaryOperation {
                                                    left: Variable(
                                                        ScopedValueIndex(
                                                            2,
                                                        ),
                                                    ),
                                                    operator: GreaterThan,
                                                    right: Variable(
                                                        ScopedValueIndex(
                                                            3,
                                                        ),
                                                    ),
                                                },
                                            ),
                                            body: Block(
                                                HLIRBlock {
                                                    scope: RefCell {
                                                        value: HLIRScopeBlock {
                                                            variables: {},
                                                            parent: Some(
                                                                RefCell {
                                                                    value: HLIRScopeBlock {
                                                                        variables: {
                                                                            "a": ScopedValueIndex(
                                                                                1,
                                                                            ),
                                                                            "b": ScopedValueIndex(
                                                                                2,
                                                                            ),
                                                                            "c": ScopedValueIndex(
                                                                                3,
                                                                            ),
                                                                        },
                                                                        parent: Some(
                                                                            RefCell {
                                                                                value: HLIRScopeBlock {
                                                                                    variables: {},
                                                                                    parent: Some(
                                                                                        RefCell {
                                                                                            value: HLIRScopeBlock {
                                                                                                variables: {
                                                                                                    "main": ScopedValueIndex(
                                                                                                        0,
                                                                                                    ),
                                                                                                },
                                                                                                parent: None,
                                                                                            },
                                                                                        },
                                                                                    ),
                                                                                },
                                                                            },
                                                                        ),
                                                                    },
                                                                },
                                                            ),
                                                        },
                                                    },
                                                    statements: [
                                                        Return(
                                                            HLIRReturn {
                                                                value: Some(
                                                                    Variable(
                                                                        ScopedValueIndex(
                                                                            2,
                                                                        ),
                                                                    ),
                                                                ),
                                                            },
                                                        ),
                                                    ],
                                                },
                                            ),
                                            else_branch: Some(
                                                Block(
                                                    HLIRBlock {
                                                        scope: RefCell {
                                                            value: HLIRScopeBlock {
                                                                variables: {},
                                                                parent: Some(
                                                                    RefCell {
                                                                        value: HLIRScopeBlock {
                                                                            variables: {
                                                                                "a": ScopedValueIndex(
                                                                                    1,
                                                                                ),
                                                                                "b": ScopedValueIndex(
                                                                                    2,
                                                                                ),
                                                                                "c": ScopedValueIndex(
                                                                                    3,
                                                                                ),
                                                                            },
                                                                            parent: Some(
                                                                                RefCell {
                                                                                    value: HLIRScopeBlock {
                                                                                        variables: {},
                                                                                        parent: Some(
                                                                                            RefCell {
                                                                                                value: HLIRScopeBlock {
                                                                                                    variables: {
                                                                                                        "main": ScopedValueIndex(
                                                                                                            0,
                                                                                                        ),
                                                                                                    },
                                                                                                    parent: None,
                                                                                                },
                                                                                            },
                                                                                        ),
                                                                                    },
                                                                                },
                                                                            ),
                                                                        },
                                                                    },
                                                                ),
                                                            },
                                                        },
                                                        statements: [
                                                            Return(
                                                                HLIRReturn {
                                                                    value: Some(
                                                                        Variable(
                                                                            ScopedValueIndex(
                                                                                3,
                                                                            ),
                                                                        ),
                                                                    ),
                                                                },
                                                            ),
                                                        ],
                                                    },
                                                ),
                                            ),
                                        },
                                    ),
                                ),
                            },
                        ),
                    ],
                },
            ),
        },
    },
    literals: {
        Integer {
            value: "10",
            radix: 10,
        },
        Integer {
            value: "20",
            radix: 10,
        },
        Integer {
            value: "30",
            radix: 10,
        },
    },
}
