---
source: tantalum_parser/src/tests/expression.rs
expression: result
snapshot_kind: text
---
Ok(Spanned(
  span: Span(
    start: Location(
      file_name: "function_call_with_arguments",
      position: 0,
      line: 1,
      column: 1,
    ),
    end: Location(
      file_name: "function_call_with_arguments",
      position: 9,
      line: 1,
      column: 10,
    ),
  ),
  data: FunctionCall(FunctionCall(
    function: Spanned(
      span: Span(
        start: Location(
          file_name: "function_call_with_arguments",
          position: 0,
          line: 1,
          column: 1,
        ),
        end: Location(
          file_name: "function_call_with_arguments",
          position: 3,
          line: 1,
          column: 4,
        ),
      ),
      data: Variable(Variable(
        name: Spanned(
          span: Span(
            start: Location(
              file_name: "function_call_with_arguments",
              position: 0,
              line: 1,
              column: 1,
            ),
            end: Location(
              file_name: "function_call_with_arguments",
              position: 3,
              line: 1,
              column: 4,
            ),
          ),
          data: "foo",
        ),
      )),
    ),
    arguments: [
      Spanned(
        span: Span(
          start: Location(
            file_name: "function_call_with_arguments",
            position: 4,
            line: 1,
            column: 5,
          ),
          end: Location(
            file_name: "function_call_with_arguments",
            position: 5,
            line: 1,
            column: 6,
          ),
        ),
        data: Literal(Integer(Integer(
          value: Spanned(
            span: Span(
              start: Location(
                file_name: "function_call_with_arguments",
                position: 4,
                line: 1,
                column: 5,
              ),
              end: Location(
                file_name: "function_call_with_arguments",
                position: 5,
                line: 1,
                column: 6,
              ),
            ),
            data: "1",
          ),
          radix: 10,
        ))),
      ),
      Spanned(
        span: Span(
          start: Location(
            file_name: "function_call_with_arguments",
            position: 7,
            line: 1,
            column: 8,
          ),
          end: Location(
            file_name: "function_call_with_arguments",
            position: 8,
            line: 1,
            column: 9,
          ),
        ),
        data: Literal(Integer(Integer(
          value: Spanned(
            span: Span(
              start: Location(
                file_name: "function_call_with_arguments",
                position: 7,
                line: 1,
                column: 8,
              ),
              end: Location(
                file_name: "function_call_with_arguments",
                position: 8,
                line: 1,
                column: 9,
              ),
            ),
            data: "2",
          ),
          radix: 10,
        ))),
      ),
    ],
  )),
))
