---
source: tantalum_parser/src/tests/top_level.rs
expression: result
snapshot_kind: text
---
Ok(Spanned(
  span: Span(
    start: Location(
      file_name: "function_declaration_with_parameters",
      position: 0,
      line: 1,
      column: 1,
    ),
    end: Location(
      file_name: "function_declaration_with_parameters",
      position: 40,
      line: 1,
      column: 41,
    ),
  ),
  data: Function(Function(
    name: Spanned(
      span: Span(
        start: Location(
          file_name: "function_declaration_with_parameters",
          position: 3,
          line: 1,
          column: 4,
        ),
        end: Location(
          file_name: "function_declaration_with_parameters",
          position: 7,
          line: 1,
          column: 8,
        ),
      ),
      data: "main",
    ),
    parameters: Spanned(
      span: Span(
        start: Location(
          file_name: "function_declaration_with_parameters",
          position: 7,
          line: 1,
          column: 8,
        ),
        end: Location(
          file_name: "function_declaration_with_parameters",
          position: 37,
          line: 1,
          column: 38,
        ),
      ),
      data: [
        Spanned(
          span: Span(
            start: Location(
              file_name: "function_declaration_with_parameters",
              position: 8,
              line: 1,
              column: 9,
            ),
            end: Location(
              file_name: "function_declaration_with_parameters",
              position: 17,
              line: 1,
              column: 18,
            ),
          ),
          data: Named(NamedParameter(
            name: Spanned(
              span: Span(
                start: Location(
                  file_name: "function_declaration_with_parameters",
                  position: 8,
                  line: 1,
                  column: 9,
                ),
                end: Location(
                  file_name: "function_declaration_with_parameters",
                  position: 12,
                  line: 1,
                  column: 13,
                ),
              ),
              data: "argc",
            ),
            ty: Spanned(
              span: Span(
                start: Location(
                  file_name: "function_declaration_with_parameters",
                  position: 14,
                  line: 1,
                  column: 15,
                ),
                end: Location(
                  file_name: "function_declaration_with_parameters",
                  position: 17,
                  line: 1,
                  column: 18,
                ),
              ),
              data: Named(NamedType(
                name: Spanned(
                  span: Span(
                    start: Location(
                      file_name: "function_declaration_with_parameters",
                      position: 14,
                      line: 1,
                      column: 15,
                    ),
                    end: Location(
                      file_name: "function_declaration_with_parameters",
                      position: 17,
                      line: 1,
                      column: 18,
                    ),
                  ),
                  data: "i32",
                ),
              )),
            ),
          )),
        ),
        Spanned(
          span: Span(
            start: Location(
              file_name: "function_declaration_with_parameters",
              position: 19,
              line: 1,
              column: 20,
            ),
            end: Location(
              file_name: "function_declaration_with_parameters",
              position: 36,
              line: 1,
              column: 37,
            ),
          ),
          data: Named(NamedParameter(
            name: Spanned(
              span: Span(
                start: Location(
                  file_name: "function_declaration_with_parameters",
                  position: 19,
                  line: 1,
                  column: 20,
                ),
                end: Location(
                  file_name: "function_declaration_with_parameters",
                  position: 23,
                  line: 1,
                  column: 24,
                ),
              ),
              data: "argv",
            ),
            ty: Spanned(
              span: Span(
                start: Location(
                  file_name: "function_declaration_with_parameters",
                  position: 25,
                  line: 1,
                  column: 26,
                ),
                end: Location(
                  file_name: "function_declaration_with_parameters",
                  position: 36,
                  line: 1,
                  column: 37,
                ),
              ),
              data: UnsizedArray(UnsizedArrayType(
                ty: Spanned(
                  span: Span(
                    start: Location(
                      file_name: "function_declaration_with_parameters",
                      position: 26,
                      line: 1,
                      column: 27,
                    ),
                    end: Location(
                      file_name: "function_declaration_with_parameters",
                      position: 35,
                      line: 1,
                      column: 36,
                    ),
                  ),
                  data: Pointer(PointerType(
                    ty: Spanned(
                      span: Span(
                        start: Location(
                          file_name: "function_declaration_with_parameters",
                          position: 27,
                          line: 1,
                          column: 28,
                        ),
                        end: Location(
                          file_name: "function_declaration_with_parameters",
                          position: 35,
                          line: 1,
                          column: 36,
                        ),
                      ),
                      data: Const(ConstType(
                        ty: Spanned(
                          span: Span(
                            start: Location(
                              file_name: "function_declaration_with_parameters",
                              position: 33,
                              line: 1,
                              column: 34,
                            ),
                            end: Location(
                              file_name: "function_declaration_with_parameters",
                              position: 35,
                              line: 1,
                              column: 36,
                            ),
                          ),
                          data: Named(NamedType(
                            name: Spanned(
                              span: Span(
                                start: Location(
                                  file_name: "function_declaration_with_parameters",
                                  position: 33,
                                  line: 1,
                                  column: 34,
                                ),
                                end: Location(
                                  file_name: "function_declaration_with_parameters",
                                  position: 35,
                                  line: 1,
                                  column: 36,
                                ),
                              ),
                              data: "u8",
                            ),
                          )),
                        ),
                      )),
                    ),
                  )),
                ),
              )),
            ),
          )),
        ),
      ],
    ),
    return_type: None,
    body: Spanned(
      span: Span(
        start: Location(
          file_name: "function_declaration_with_parameters",
          position: 38,
          line: 1,
          column: 39,
        ),
        end: Location(
          file_name: "function_declaration_with_parameters",
          position: 40,
          line: 1,
          column: 41,
        ),
      ),
      data: Block(Block(
        statements: [],
      )),
    ),
  )),
))
