---
source: tantalum_parser/src/tests/top_level.rs
expression: result
snapshot_kind: text
---
Ok(Spanned(
  span: Span(
    start: Location(
      file_name: "function_declaration",
      position: 0,
      line: 1,
      column: 1,
    ),
    end: Location(
      file_name: "function_declaration",
      position: 12,
      line: 1,
      column: 13,
    ),
  ),
  data: Function(Function(
    name: Spanned(
      span: Span(
        start: Location(
          file_name: "function_declaration",
          position: 3,
          line: 1,
          column: 4,
        ),
        end: Location(
          file_name: "function_declaration",
          position: 7,
          line: 1,
          column: 8,
        ),
      ),
      data: "main",
    ),
    parameters: Spanned(
      span: Span(
        start: Location(
          file_name: "function_declaration",
          position: 7,
          line: 1,
          column: 8,
        ),
        end: Location(
          file_name: "function_declaration",
          position: 9,
          line: 1,
          column: 10,
        ),
      ),
      data: [],
    ),
    return_type: None,
    body: Spanned(
      span: Span(
        start: Location(
          file_name: "function_declaration",
          position: 10,
          line: 1,
          column: 11,
        ),
        end: Location(
          file_name: "function_declaration",
          position: 12,
          line: 1,
          column: 13,
        ),
      ),
      data: Block(Block(
        statements: [],
      )),
    ),
  )),
))
