---
source: tantalum_parser/src/tests/statement.rs
expression: result
snapshot_kind: text
---
Ok(Spanned(
  span: Span(
    start: Location(
      file_name: "if_statement",
      position: 0,
      line: 1,
      column: 1,
    ),
    end: Location(
      file_name: "if_statement",
      position: 22,
      line: 1,
      column: 23,
    ),
  ),
  data: If(If(
    condition: Spanned(
      span: Span(
        start: Location(
          file_name: "if_statement",
          position: 3,
          line: 1,
          column: 4,
        ),
        end: Location(
          file_name: "if_statement",
          position: 7,
          line: 1,
          column: 8,
        ),
      ),
      data: Literal(Boolean(Boolean(
        value: Spanned(
          span: Span(
            start: Location(
              file_name: "if_statement",
              position: 3,
              line: 1,
              column: 4,
            ),
            end: Location(
              file_name: "if_statement",
              position: 7,
              line: 1,
              column: 8,
            ),
          ),
          data: "true",
        ),
      ))),
    ),
    body: Spanned(
      span: Span(
        start: Location(
          file_name: "if_statement",
          position: 8,
          line: 1,
          column: 9,
        ),
        end: Location(
          file_name: "if_statement",
          position: 22,
          line: 1,
          column: 23,
        ),
      ),
      data: Block(Block(
        statements: [
          Spanned(
            span: Span(
              start: Location(
                file_name: "if_statement",
                position: 10,
                line: 1,
                column: 11,
              ),
              end: Location(
                file_name: "if_statement",
                position: 20,
                line: 1,
                column: 21,
              ),
            ),
            data: Return(Return(
              value: Some(Spanned(
                span: Span(
                  start: Location(
                    file_name: "if_statement",
                    position: 17,
                    line: 1,
                    column: 18,
                  ),
                  end: Location(
                    file_name: "if_statement",
                    position: 19,
                    line: 1,
                    column: 20,
                  ),
                ),
                data: Literal(Integer(Integer(
                  value: Spanned(
                    span: Span(
                      start: Location(
                        file_name: "if_statement",
                        position: 17,
                        line: 1,
                        column: 18,
                      ),
                      end: Location(
                        file_name: "if_statement",
                        position: 19,
                        line: 1,
                        column: 20,
                      ),
                    ),
                    data: "42",
                  ),
                  radix: 10,
                ))),
              )),
            )),
          ),
        ],
      )),
    ),
    else_branch: None,
  )),
))
