---
source: tantalum_parser/tests/snapshots.rs
expression: ast
snapshot_kind: text
---
Ok(AST([
  Spanned(
    span: Span(
      start: Location(
        file_name: "start.ta",
        position: 0,
        line: 1,
        column: 1,
      ),
      end: Location(
        file_name: "start.ta",
        position: 32,
        line: 3,
        column: 2,
      ),
    ),
    data: Function(Function(
      name: Spanned(
        span: Span(
          start: Location(
            file_name: "start.ta",
            position: 3,
            line: 1,
            column: 4,
          ),
          end: Location(
            file_name: "start.ta",
            position: 7,
            line: 1,
            column: 8,
          ),
        ),
        data: "main",
      ),
      parameters: Spanned(
        span: Span(
          start: Location(
            file_name: "start.ta",
            position: 7,
            line: 1,
            column: 8,
          ),
          end: Location(
            file_name: "start.ta",
            position: 9,
            line: 1,
            column: 10,
          ),
        ),
        data: [],
      ),
      return_type: Some(Spanned(
        span: Span(
          start: Location(
            file_name: "start.ta",
            position: 11,
            line: 1,
            column: 12,
          ),
          end: Location(
            file_name: "start.ta",
            position: 14,
            line: 1,
            column: 15,
          ),
        ),
        data: Named(NamedType(
          name: Spanned(
            span: Span(
              start: Location(
                file_name: "start.ta",
                position: 11,
                line: 1,
                column: 12,
              ),
              end: Location(
                file_name: "start.ta",
                position: 14,
                line: 1,
                column: 15,
              ),
            ),
            data: "i32",
          ),
        )),
      )),
      body: Spanned(
        span: Span(
          start: Location(
            file_name: "start.ta",
            position: 15,
            line: 1,
            column: 16,
          ),
          end: Location(
            file_name: "start.ta",
            position: 32,
            line: 3,
            column: 2,
          ),
        ),
        data: Block(Block(
          statements: [
            Spanned(
              span: Span(
                start: Location(
                  file_name: "start.ta",
                  position: 21,
                  line: 2,
                  column: 5,
                ),
                end: Location(
                  file_name: "start.ta",
                  position: 30,
                  line: 2,
                  column: 14,
                ),
              ),
              data: Return(Return(
                value: Some(Spanned(
                  span: Span(
                    start: Location(
                      file_name: "start.ta",
                      position: 28,
                      line: 2,
                      column: 12,
                    ),
                    end: Location(
                      file_name: "start.ta",
                      position: 29,
                      line: 2,
                      column: 13,
                    ),
                  ),
                  data: Literal(Integer(Integer(
                    value: Spanned(
                      span: Span(
                        start: Location(
                          file_name: "start.ta",
                          position: 28,
                          line: 2,
                          column: 12,
                        ),
                        end: Location(
                          file_name: "start.ta",
                          position: 29,
                          line: 2,
                          column: 13,
                        ),
                      ),
                      data: "0",
                    ),
                    radix: 10,
                  ))),
                )),
              )),
            ),
          ],
        )),
      ),
    )),
  ),
]))
