---
source: tantalum_parser/tests/snapshots.rs
expression: ast
snapshot_kind: text
---
Ok([
  TopLevelExpression(
    span: Span(
      start: Location(
        file_name: "start.ta",
        position: 0,
        line: 1,
        column: 1,
      ),
      end: Location(
        file_name: "start.ta",
        position: 32,
        line: 3,
        column: 2,
      ),
    ),
    kind: FunctionDeclaration(
      name: "main",
      parameters: [],
      return_type: Type(
        span: Span(
          start: Location(
            file_name: "start.ta",
            position: 11,
            line: 1,
            column: 12,
          ),
          end: Location(
            file_name: "start.ta",
            position: 14,
            line: 1,
            column: 15,
          ),
        ),
        kind: Named("i32"),
      ),
      body: Statement(
        span: Span(
          start: Location(
            file_name: "start.ta",
            position: 15,
            line: 1,
            column: 16,
          ),
          end: Location(
            file_name: "start.ta",
            position: 32,
            line: 3,
            column: 2,
          ),
        ),
        kind: Block(
          statements: [
            Statement(
              span: Span(
                start: Location(
                  file_name: "start.ta",
                  position: 21,
                  line: 2,
                  column: 5,
                ),
                end: Location(
                  file_name: "start.ta",
                  position: 30,
                  line: 2,
                  column: 14,
                ),
              ),
              kind: Return(
                value: Some(Expression(
                  span: Span(
                    start: Location(
                      file_name: "start.ta",
                      position: 28,
                      line: 2,
                      column: 12,
                    ),
                    end: Location(
                      file_name: "start.ta",
                      position: 29,
                      line: 2,
                      column: 13,
                    ),
                  ),
                  kind: IntegerLiteral(
                    value: "0",
                    radix: 10,
                  ),
                )),
              ),
            ),
          ],
        ),
      ),
    ),
  ),
])
