---
source: tantalum_parser/tests/snapshots.rs
expression: ast
snapshot_kind: text
---
Ok([
  TopLevelExpression(
    span: Span(
      start: Location(
        file_name: "conditionals.ta",
        position: 0,
        line: 1,
        column: 1,
      ),
      end: Location(
        file_name: "conditionals.ta",
        position: 192,
        line: 13,
        column: 2,
      ),
    ),
    kind: FunctionDeclaration(
      name: "main",
      parameters: [],
      return_type: Type(
        span: Span(
          start: Location(
            file_name: "conditionals.ta",
            position: 11,
            line: 1,
            column: 12,
          ),
          end: Location(
            file_name: "conditionals.ta",
            position: 14,
            line: 1,
            column: 15,
          ),
        ),
        kind: Named("i32"),
      ),
      body: Statement(
        span: Span(
          start: Location(
            file_name: "conditionals.ta",
            position: 15,
            line: 1,
            column: 16,
          ),
          end: Location(
            file_name: "conditionals.ta",
            position: 192,
            line: 13,
            column: 2,
          ),
        ),
        kind: Block(
          statements: [
            Statement(
              span: Span(
                start: Location(
                  file_name: "conditionals.ta",
                  position: 21,
                  line: 2,
                  column: 5,
                ),
                end: Location(
                  file_name: "conditionals.ta",
                  position: 37,
                  line: 2,
                  column: 21,
                ),
              ),
              kind: VariableDeclaration(
                name: "a",
                ty: Some(Type(
                  span: Span(
                    start: Location(
                      file_name: "conditionals.ta",
                      position: 28,
                      line: 2,
                      column: 12,
                    ),
                    end: Location(
                      file_name: "conditionals.ta",
                      position: 31,
                      line: 2,
                      column: 15,
                    ),
                  ),
                  kind: Named("i32"),
                )),
                value: Expression(
                  span: Span(
                    start: Location(
                      file_name: "conditionals.ta",
                      position: 34,
                      line: 2,
                      column: 18,
                    ),
                    end: Location(
                      file_name: "conditionals.ta",
                      position: 36,
                      line: 2,
                      column: 20,
                    ),
                  ),
                  kind: IntegerLiteral(
                    value: "10",
                    radix: 10,
                  ),
                ),
              ),
            ),
            Statement(
              span: Span(
                start: Location(
                  file_name: "conditionals.ta",
                  position: 42,
                  line: 3,
                  column: 5,
                ),
                end: Location(
                  file_name: "conditionals.ta",
                  position: 58,
                  line: 3,
                  column: 21,
                ),
              ),
              kind: VariableDeclaration(
                name: "b",
                ty: Some(Type(
                  span: Span(
                    start: Location(
                      file_name: "conditionals.ta",
                      position: 49,
                      line: 3,
                      column: 12,
                    ),
                    end: Location(
                      file_name: "conditionals.ta",
                      position: 52,
                      line: 3,
                      column: 15,
                    ),
                  ),
                  kind: Named("i32"),
                )),
                value: Expression(
                  span: Span(
                    start: Location(
                      file_name: "conditionals.ta",
                      position: 55,
                      line: 3,
                      column: 18,
                    ),
                    end: Location(
                      file_name: "conditionals.ta",
                      position: 57,
                      line: 3,
                      column: 20,
                    ),
                  ),
                  kind: IntegerLiteral(
                    value: "20",
                    radix: 10,
                  ),
                ),
              ),
            ),
            Statement(
              span: Span(
                start: Location(
                  file_name: "conditionals.ta",
                  position: 63,
                  line: 4,
                  column: 5,
                ),
                end: Location(
                  file_name: "conditionals.ta",
                  position: 79,
                  line: 4,
                  column: 21,
                ),
              ),
              kind: VariableDeclaration(
                name: "c",
                ty: Some(Type(
                  span: Span(
                    start: Location(
                      file_name: "conditionals.ta",
                      position: 70,
                      line: 4,
                      column: 12,
                    ),
                    end: Location(
                      file_name: "conditionals.ta",
                      position: 73,
                      line: 4,
                      column: 15,
                    ),
                  ),
                  kind: Named("i32"),
                )),
                value: Expression(
                  span: Span(
                    start: Location(
                      file_name: "conditionals.ta",
                      position: 76,
                      line: 4,
                      column: 18,
                    ),
                    end: Location(
                      file_name: "conditionals.ta",
                      position: 78,
                      line: 4,
                      column: 20,
                    ),
                  ),
                  kind: IntegerLiteral(
                    value: "30",
                    radix: 10,
                  ),
                ),
              ),
            ),
            Statement(
              span: Span(
                start: Location(
                  file_name: "conditionals.ta",
                  position: 85,
                  line: 6,
                  column: 5,
                ),
                end: Location(
                  file_name: "conditionals.ta",
                  position: 190,
                  line: 12,
                  column: 6,
                ),
              ),
              kind: If(
                condition: Expression(
                  span: Span(
                    start: Location(
                      file_name: "conditionals.ta",
                      position: 88,
                      line: 6,
                      column: 8,
                    ),
                    end: Location(
                      file_name: "conditionals.ta",
                      position: 93,
                      line: 6,
                      column: 13,
                    ),
                  ),
                  kind: BinaryOperation(
                    left: Expression(
                      span: Span(
                        start: Location(
                          file_name: "conditionals.ta",
                          position: 88,
                          line: 6,
                          column: 8,
                        ),
                        end: Location(
                          file_name: "conditionals.ta",
                          position: 89,
                          line: 6,
                          column: 9,
                        ),
                      ),
                      kind: Variable(
                        name: "a",
                      ),
                    ),
                    operator: BinaryOperator(
                      span: Span(
                        start: Location(
                          file_name: "conditionals.ta",
                          position: 90,
                          line: 6,
                          column: 10,
                        ),
                        end: Location(
                          file_name: "conditionals.ta",
                          position: 91,
                          line: 6,
                          column: 11,
                        ),
                      ),
                      kind: GreaterThan,
                    ),
                    right: Expression(
                      span: Span(
                        start: Location(
                          file_name: "conditionals.ta",
                          position: 92,
                          line: 6,
                          column: 12,
                        ),
                        end: Location(
                          file_name: "conditionals.ta",
                          position: 93,
                          line: 6,
                          column: 13,
                        ),
                      ),
                      kind: Variable(
                        name: "b",
                      ),
                    ),
                  ),
                ),
                body: Statement(
                  span: Span(
                    start: Location(
                      file_name: "conditionals.ta",
                      position: 94,
                      line: 6,
                      column: 14,
                    ),
                    end: Location(
                      file_name: "conditionals.ta",
                      position: 119,
                      line: 8,
                      column: 6,
                    ),
                  ),
                  kind: Block(
                    statements: [
                      Statement(
                        span: Span(
                          start: Location(
                            file_name: "conditionals.ta",
                            position: 104,
                            line: 7,
                            column: 9,
                          ),
                          end: Location(
                            file_name: "conditionals.ta",
                            position: 113,
                            line: 7,
                            column: 18,
                          ),
                        ),
                        kind: Return(
                          value: Some(Expression(
                            span: Span(
                              start: Location(
                                file_name: "conditionals.ta",
                                position: 111,
                                line: 7,
                                column: 16,
                              ),
                              end: Location(
                                file_name: "conditionals.ta",
                                position: 112,
                                line: 7,
                                column: 17,
                              ),
                            ),
                            kind: Variable(
                              name: "a",
                            ),
                          )),
                        ),
                      ),
                    ],
                  ),
                ),
                else_branch: Some(Statement(
                  span: Span(
                    start: Location(
                      file_name: "conditionals.ta",
                      position: 125,
                      line: 8,
                      column: 12,
                    ),
                    end: Location(
                      file_name: "conditionals.ta",
                      position: 190,
                      line: 12,
                      column: 6,
                    ),
                  ),
                  kind: If(
                    condition: Expression(
                      span: Span(
                        start: Location(
                          file_name: "conditionals.ta",
                          position: 128,
                          line: 8,
                          column: 15,
                        ),
                        end: Location(
                          file_name: "conditionals.ta",
                          position: 133,
                          line: 8,
                          column: 20,
                        ),
                      ),
                      kind: BinaryOperation(
                        left: Expression(
                          span: Span(
                            start: Location(
                              file_name: "conditionals.ta",
                              position: 128,
                              line: 8,
                              column: 15,
                            ),
                            end: Location(
                              file_name: "conditionals.ta",
                              position: 129,
                              line: 8,
                              column: 16,
                            ),
                          ),
                          kind: Variable(
                            name: "b",
                          ),
                        ),
                        operator: BinaryOperator(
                          span: Span(
                            start: Location(
                              file_name: "conditionals.ta",
                              position: 130,
                              line: 8,
                              column: 17,
                            ),
                            end: Location(
                              file_name: "conditionals.ta",
                              position: 131,
                              line: 8,
                              column: 18,
                            ),
                          ),
                          kind: GreaterThan,
                        ),
                        right: Expression(
                          span: Span(
                            start: Location(
                              file_name: "conditionals.ta",
                              position: 132,
                              line: 8,
                              column: 19,
                            ),
                            end: Location(
                              file_name: "conditionals.ta",
                              position: 133,
                              line: 8,
                              column: 20,
                            ),
                          ),
                          kind: Variable(
                            name: "c",
                          ),
                        ),
                      ),
                    ),
                    body: Statement(
                      span: Span(
                        start: Location(
                          file_name: "conditionals.ta",
                          position: 134,
                          line: 8,
                          column: 21,
                        ),
                        end: Location(
                          file_name: "conditionals.ta",
                          position: 159,
                          line: 10,
                          column: 6,
                        ),
                      ),
                      kind: Block(
                        statements: [
                          Statement(
                            span: Span(
                              start: Location(
                                file_name: "conditionals.ta",
                                position: 144,
                                line: 9,
                                column: 9,
                              ),
                              end: Location(
                                file_name: "conditionals.ta",
                                position: 153,
                                line: 9,
                                column: 18,
                              ),
                            ),
                            kind: Return(
                              value: Some(Expression(
                                span: Span(
                                  start: Location(
                                    file_name: "conditionals.ta",
                                    position: 151,
                                    line: 9,
                                    column: 16,
                                  ),
                                  end: Location(
                                    file_name: "conditionals.ta",
                                    position: 152,
                                    line: 9,
                                    column: 17,
                                  ),
                                ),
                                kind: Variable(
                                  name: "b",
                                ),
                              )),
                            ),
                          ),
                        ],
                      ),
                    ),
                    else_branch: Some(Statement(
                      span: Span(
                        start: Location(
                          file_name: "conditionals.ta",
                          position: 165,
                          line: 10,
                          column: 12,
                        ),
                        end: Location(
                          file_name: "conditionals.ta",
                          position: 190,
                          line: 12,
                          column: 6,
                        ),
                      ),
                      kind: Block(
                        statements: [
                          Statement(
                            span: Span(
                              start: Location(
                                file_name: "conditionals.ta",
                                position: 175,
                                line: 11,
                                column: 9,
                              ),
                              end: Location(
                                file_name: "conditionals.ta",
                                position: 184,
                                line: 11,
                                column: 18,
                              ),
                            ),
                            kind: Return(
                              value: Some(Expression(
                                span: Span(
                                  start: Location(
                                    file_name: "conditionals.ta",
                                    position: 182,
                                    line: 11,
                                    column: 16,
                                  ),
                                  end: Location(
                                    file_name: "conditionals.ta",
                                    position: 183,
                                    line: 11,
                                    column: 17,
                                  ),
                                ),
                                kind: Variable(
                                  name: "c",
                                ),
                              )),
                            ),
                          ),
                        ],
                      ),
                    )),
                  ),
                )),
              ),
            ),
          ],
        ),
      ),
    ),
  ),
])
