---
source: tantalum_parser/tests/snapshots.rs
expression: ast
snapshot_kind: text
---
Ok(AST([
  Spanned(
    span: Span(
      start: Location(
        file_name: "loops.ta",
        position: 0,
        line: 1,
        column: 1,
      ),
      end: Location(
        file_name: "loops.ta",
        position: 46,
        line: 1,
        column: 47,
      ),
    ),
    data: ExternalFunction(ExternalFunction(
      name: Spanned(
        span: Span(
          start: Location(
            file_name: "loops.ta",
            position: 10,
            line: 1,
            column: 11,
          ),
          end: Location(
            file_name: "loops.ta",
            position: 16,
            line: 1,
            column: 17,
          ),
        ),
        data: "printf",
      ),
      parameters: Spanned(
        span: Span(
          start: Location(
            file_name: "loops.ta",
            position: 16,
            line: 1,
            column: 17,
          ),
          end: Location(
            file_name: "loops.ta",
            position: 40,
            line: 1,
            column: 41,
          ),
        ),
        data: [
          Spanned(
            span: Span(
              start: Location(
                file_name: "loops.ta",
                position: 17,
                line: 1,
                column: 18,
              ),
              end: Location(
                file_name: "loops.ta",
                position: 34,
                line: 1,
                column: 35,
              ),
            ),
            data: Named(NamedParameter(
              name: Spanned(
                span: Span(
                  start: Location(
                    file_name: "loops.ta",
                    position: 17,
                    line: 1,
                    column: 18,
                  ),
                  end: Location(
                    file_name: "loops.ta",
                    position: 23,
                    line: 1,
                    column: 24,
                  ),
                ),
                data: "format",
              ),
              ty: Spanned(
                span: Span(
                  start: Location(
                    file_name: "loops.ta",
                    position: 25,
                    line: 1,
                    column: 26,
                  ),
                  end: Location(
                    file_name: "loops.ta",
                    position: 34,
                    line: 1,
                    column: 35,
                  ),
                ),
                data: Pointer(PointerType(
                  ty: Spanned(
                    span: Span(
                      start: Location(
                        file_name: "loops.ta",
                        position: 26,
                        line: 1,
                        column: 27,
                      ),
                      end: Location(
                        file_name: "loops.ta",
                        position: 34,
                        line: 1,
                        column: 35,
                      ),
                    ),
                    data: Const(ConstType(
                      ty: Spanned(
                        span: Span(
                          start: Location(
                            file_name: "loops.ta",
                            position: 32,
                            line: 1,
                            column: 33,
                          ),
                          end: Location(
                            file_name: "loops.ta",
                            position: 34,
                            line: 1,
                            column: 35,
                          ),
                        ),
                        data: Named(NamedType(
                          name: Spanned(
                            span: Span(
                              start: Location(
                                file_name: "loops.ta",
                                position: 32,
                                line: 1,
                                column: 33,
                              ),
                              end: Location(
                                file_name: "loops.ta",
                                position: 34,
                                line: 1,
                                column: 35,
                              ),
                            ),
                            data: "u8",
                          ),
                        )),
                      ),
                    )),
                  ),
                )),
              ),
            )),
          ),
          Spanned(
            span: Span(
              start: Location(
                file_name: "loops.ta",
                position: 36,
                line: 1,
                column: 37,
              ),
              end: Location(
                file_name: "loops.ta",
                position: 39,
                line: 1,
                column: 40,
              ),
            ),
            data: Variadic,
          ),
        ],
      ),
      return_type: Some(Spanned(
        span: Span(
          start: Location(
            file_name: "loops.ta",
            position: 42,
            line: 1,
            column: 43,
          ),
          end: Location(
            file_name: "loops.ta",
            position: 45,
            line: 1,
            column: 46,
          ),
        ),
        data: Named(NamedType(
          name: Spanned(
            span: Span(
              start: Location(
                file_name: "loops.ta",
                position: 42,
                line: 1,
                column: 43,
              ),
              end: Location(
                file_name: "loops.ta",
                position: 45,
                line: 1,
                column: 46,
              ),
            ),
            data: "i32",
          ),
        )),
      )),
    )),
  ),
  Spanned(
    span: Span(
      start: Location(
        file_name: "loops.ta",
        position: 48,
        line: 3,
        column: 1,
      ),
      end: Location(
        file_name: "loops.ta",
        position: 397,
        line: 25,
        column: 2,
      ),
    ),
    data: Function(Function(
      name: Spanned(
        span: Span(
          start: Location(
            file_name: "loops.ta",
            position: 51,
            line: 3,
            column: 4,
          ),
          end: Location(
            file_name: "loops.ta",
            position: 55,
            line: 3,
            column: 8,
          ),
        ),
        data: "main",
      ),
      parameters: Spanned(
        span: Span(
          start: Location(
            file_name: "loops.ta",
            position: 55,
            line: 3,
            column: 8,
          ),
          end: Location(
            file_name: "loops.ta",
            position: 57,
            line: 3,
            column: 10,
          ),
        ),
        data: [],
      ),
      return_type: Some(Spanned(
        span: Span(
          start: Location(
            file_name: "loops.ta",
            position: 59,
            line: 3,
            column: 12,
          ),
          end: Location(
            file_name: "loops.ta",
            position: 62,
            line: 3,
            column: 15,
          ),
        ),
        data: Named(NamedType(
          name: Spanned(
            span: Span(
              start: Location(
                file_name: "loops.ta",
                position: 59,
                line: 3,
                column: 12,
              ),
              end: Location(
                file_name: "loops.ta",
                position: 62,
                line: 3,
                column: 15,
              ),
            ),
            data: "i32",
          ),
        )),
      )),
      body: Spanned(
        span: Span(
          start: Location(
            file_name: "loops.ta",
            position: 63,
            line: 3,
            column: 16,
          ),
          end: Location(
            file_name: "loops.ta",
            position: 397,
            line: 25,
            column: 2,
          ),
        ),
        data: Block(Block(
          statements: [
            Spanned(
              span: Span(
                start: Location(
                  file_name: "loops.ta",
                  position: 69,
                  line: 4,
                  column: 5,
                ),
                end: Location(
                  file_name: "loops.ta",
                  position: 85,
                  line: 4,
                  column: 21,
                ),
              ),
              data: VariableDeclaration(VariableDeclaration(
                name: Spanned(
                  span: Span(
                    start: Location(
                      file_name: "loops.ta",
                      position: 73,
                      line: 4,
                      column: 9,
                    ),
                    end: Location(
                      file_name: "loops.ta",
                      position: 74,
                      line: 4,
                      column: 10,
                    ),
                  ),
                  data: "a",
                ),
                ty: Some(Spanned(
                  span: Span(
                    start: Location(
                      file_name: "loops.ta",
                      position: 76,
                      line: 4,
                      column: 12,
                    ),
                    end: Location(
                      file_name: "loops.ta",
                      position: 79,
                      line: 4,
                      column: 15,
                    ),
                  ),
                  data: Named(NamedType(
                    name: Spanned(
                      span: Span(
                        start: Location(
                          file_name: "loops.ta",
                          position: 76,
                          line: 4,
                          column: 12,
                        ),
                        end: Location(
                          file_name: "loops.ta",
                          position: 79,
                          line: 4,
                          column: 15,
                        ),
                      ),
                      data: "i32",
                    ),
                  )),
                )),
                value: Spanned(
                  span: Span(
                    start: Location(
                      file_name: "loops.ta",
                      position: 82,
                      line: 4,
                      column: 18,
                    ),
                    end: Location(
                      file_name: "loops.ta",
                      position: 84,
                      line: 4,
                      column: 20,
                    ),
                  ),
                  data: Literal(Integer(Integer(
                    value: Spanned(
                      span: Span(
                        start: Location(
                          file_name: "loops.ta",
                          position: 82,
                          line: 4,
                          column: 18,
                        ),
                        end: Location(
                          file_name: "loops.ta",
                          position: 84,
                          line: 4,
                          column: 20,
                        ),
                      ),
                      data: "10",
                    ),
                    radix: 10,
                  ))),
                ),
              )),
            ),
            Spanned(
              span: Span(
                start: Location(
                  file_name: "loops.ta",
                  position: 90,
                  line: 5,
                  column: 5,
                ),
                end: Location(
                  file_name: "loops.ta",
                  position: 106,
                  line: 5,
                  column: 21,
                ),
              ),
              data: VariableDeclaration(VariableDeclaration(
                name: Spanned(
                  span: Span(
                    start: Location(
                      file_name: "loops.ta",
                      position: 94,
                      line: 5,
                      column: 9,
                    ),
                    end: Location(
                      file_name: "loops.ta",
                      position: 95,
                      line: 5,
                      column: 10,
                    ),
                  ),
                  data: "b",
                ),
                ty: Some(Spanned(
                  span: Span(
                    start: Location(
                      file_name: "loops.ta",
                      position: 97,
                      line: 5,
                      column: 12,
                    ),
                    end: Location(
                      file_name: "loops.ta",
                      position: 100,
                      line: 5,
                      column: 15,
                    ),
                  ),
                  data: Named(NamedType(
                    name: Spanned(
                      span: Span(
                        start: Location(
                          file_name: "loops.ta",
                          position: 97,
                          line: 5,
                          column: 12,
                        ),
                        end: Location(
                          file_name: "loops.ta",
                          position: 100,
                          line: 5,
                          column: 15,
                        ),
                      ),
                      data: "i32",
                    ),
                  )),
                )),
                value: Spanned(
                  span: Span(
                    start: Location(
                      file_name: "loops.ta",
                      position: 103,
                      line: 5,
                      column: 18,
                    ),
                    end: Location(
                      file_name: "loops.ta",
                      position: 105,
                      line: 5,
                      column: 20,
                    ),
                  ),
                  data: Literal(Integer(Integer(
                    value: Spanned(
                      span: Span(
                        start: Location(
                          file_name: "loops.ta",
                          position: 103,
                          line: 5,
                          column: 18,
                        ),
                        end: Location(
                          file_name: "loops.ta",
                          position: 105,
                          line: 5,
                          column: 20,
                        ),
                      ),
                      data: "20",
                    ),
                    radix: 10,
                  ))),
                ),
              )),
            ),
            Spanned(
              span: Span(
                start: Location(
                  file_name: "loops.ta",
                  position: 111,
                  line: 6,
                  column: 5,
                ),
                end: Location(
                  file_name: "loops.ta",
                  position: 127,
                  line: 6,
                  column: 21,
                ),
              ),
              data: VariableDeclaration(VariableDeclaration(
                name: Spanned(
                  span: Span(
                    start: Location(
                      file_name: "loops.ta",
                      position: 115,
                      line: 6,
                      column: 9,
                    ),
                    end: Location(
                      file_name: "loops.ta",
                      position: 116,
                      line: 6,
                      column: 10,
                    ),
                  ),
                  data: "c",
                ),
                ty: Some(Spanned(
                  span: Span(
                    start: Location(
                      file_name: "loops.ta",
                      position: 118,
                      line: 6,
                      column: 12,
                    ),
                    end: Location(
                      file_name: "loops.ta",
                      position: 121,
                      line: 6,
                      column: 15,
                    ),
                  ),
                  data: Named(NamedType(
                    name: Spanned(
                      span: Span(
                        start: Location(
                          file_name: "loops.ta",
                          position: 118,
                          line: 6,
                          column: 12,
                        ),
                        end: Location(
                          file_name: "loops.ta",
                          position: 121,
                          line: 6,
                          column: 15,
                        ),
                      ),
                      data: "i32",
                    ),
                  )),
                )),
                value: Spanned(
                  span: Span(
                    start: Location(
                      file_name: "loops.ta",
                      position: 124,
                      line: 6,
                      column: 18,
                    ),
                    end: Location(
                      file_name: "loops.ta",
                      position: 126,
                      line: 6,
                      column: 20,
                    ),
                  ),
                  data: Literal(Integer(Integer(
                    value: Spanned(
                      span: Span(
                        start: Location(
                          file_name: "loops.ta",
                          position: 124,
                          line: 6,
                          column: 18,
                        ),
                        end: Location(
                          file_name: "loops.ta",
                          position: 126,
                          line: 6,
                          column: 20,
                        ),
                      ),
                      data: "30",
                    ),
                    radix: 10,
                  ))),
                ),
              )),
            ),
            Spanned(
              span: Span(
                start: Location(
                  file_name: "loops.ta",
                  position: 133,
                  line: 8,
                  column: 5,
                ),
                end: Location(
                  file_name: "loops.ta",
                  position: 225,
                  line: 14,
                  column: 6,
                ),
              ),
              data: While(While(
                condition: Spanned(
                  span: Span(
                    start: Location(
                      file_name: "loops.ta",
                      position: 139,
                      line: 8,
                      column: 11,
                    ),
                    end: Location(
                      file_name: "loops.ta",
                      position: 144,
                      line: 8,
                      column: 16,
                    ),
                  ),
                  data: BinaryOperation(BinaryOperation(
                    left: Spanned(
                      span: Span(
                        start: Location(
                          file_name: "loops.ta",
                          position: 139,
                          line: 8,
                          column: 11,
                        ),
                        end: Location(
                          file_name: "loops.ta",
                          position: 140,
                          line: 8,
                          column: 12,
                        ),
                      ),
                      data: Variable(Variable(
                        name: Spanned(
                          span: Span(
                            start: Location(
                              file_name: "loops.ta",
                              position: 139,
                              line: 8,
                              column: 11,
                            ),
                            end: Location(
                              file_name: "loops.ta",
                              position: 140,
                              line: 8,
                              column: 12,
                            ),
                          ),
                          data: "b",
                        ),
                      )),
                    ),
                    operator: Spanned(
                      span: Span(
                        start: Location(
                          file_name: "loops.ta",
                          position: 141,
                          line: 8,
                          column: 13,
                        ),
                        end: Location(
                          file_name: "loops.ta",
                          position: 142,
                          line: 8,
                          column: 14,
                        ),
                      ),
                      data: GreaterThan,
                    ),
                    right: Spanned(
                      span: Span(
                        start: Location(
                          file_name: "loops.ta",
                          position: 143,
                          line: 8,
                          column: 15,
                        ),
                        end: Location(
                          file_name: "loops.ta",
                          position: 144,
                          line: 8,
                          column: 16,
                        ),
                      ),
                      data: Variable(Variable(
                        name: Spanned(
                          span: Span(
                            start: Location(
                              file_name: "loops.ta",
                              position: 143,
                              line: 8,
                              column: 15,
                            ),
                            end: Location(
                              file_name: "loops.ta",
                              position: 144,
                              line: 8,
                              column: 16,
                            ),
                          ),
                          data: "a",
                        ),
                      )),
                    ),
                  )),
                ),
                body: Spanned(
                  span: Span(
                    start: Location(
                      file_name: "loops.ta",
                      position: 145,
                      line: 8,
                      column: 17,
                    ),
                    end: Location(
                      file_name: "loops.ta",
                      position: 225,
                      line: 14,
                      column: 6,
                    ),
                  ),
                  data: Block(Block(
                    statements: [
                      Spanned(
                        span: Span(
                          start: Location(
                            file_name: "loops.ta",
                            position: 155,
                            line: 9,
                            column: 9,
                          ),
                          end: Location(
                            file_name: "loops.ta",
                            position: 165,
                            line: 9,
                            column: 19,
                          ),
                        ),
                        data: Expression(BinaryOperation(BinaryOperation(
                          left: Spanned(
                            span: Span(
                              start: Location(
                                file_name: "loops.ta",
                                position: 155,
                                line: 9,
                                column: 9,
                              ),
                              end: Location(
                                file_name: "loops.ta",
                                position: 156,
                                line: 9,
                                column: 10,
                              ),
                            ),
                            data: Variable(Variable(
                              name: Spanned(
                                span: Span(
                                  start: Location(
                                    file_name: "loops.ta",
                                    position: 155,
                                    line: 9,
                                    column: 9,
                                  ),
                                  end: Location(
                                    file_name: "loops.ta",
                                    position: 156,
                                    line: 9,
                                    column: 10,
                                  ),
                                ),
                                data: "a",
                              ),
                            )),
                          ),
                          operator: Spanned(
                            span: Span(
                              start: Location(
                                file_name: "loops.ta",
                                position: 157,
                                line: 9,
                                column: 11,
                              ),
                              end: Location(
                                file_name: "loops.ta",
                                position: 158,
                                line: 9,
                                column: 12,
                              ),
                            ),
                            data: Assignment,
                          ),
                          right: Spanned(
                            span: Span(
                              start: Location(
                                file_name: "loops.ta",
                                position: 159,
                                line: 9,
                                column: 13,
                              ),
                              end: Location(
                                file_name: "loops.ta",
                                position: 164,
                                line: 9,
                                column: 18,
                              ),
                            ),
                            data: BinaryOperation(BinaryOperation(
                              left: Spanned(
                                span: Span(
                                  start: Location(
                                    file_name: "loops.ta",
                                    position: 159,
                                    line: 9,
                                    column: 13,
                                  ),
                                  end: Location(
                                    file_name: "loops.ta",
                                    position: 160,
                                    line: 9,
                                    column: 14,
                                  ),
                                ),
                                data: Variable(Variable(
                                  name: Spanned(
                                    span: Span(
                                      start: Location(
                                        file_name: "loops.ta",
                                        position: 159,
                                        line: 9,
                                        column: 13,
                                      ),
                                      end: Location(
                                        file_name: "loops.ta",
                                        position: 160,
                                        line: 9,
                                        column: 14,
                                      ),
                                    ),
                                    data: "a",
                                  ),
                                )),
                              ),
                              operator: Spanned(
                                span: Span(
                                  start: Location(
                                    file_name: "loops.ta",
                                    position: 161,
                                    line: 9,
                                    column: 15,
                                  ),
                                  end: Location(
                                    file_name: "loops.ta",
                                    position: 162,
                                    line: 9,
                                    column: 16,
                                  ),
                                ),
                                data: Addition,
                              ),
                              right: Spanned(
                                span: Span(
                                  start: Location(
                                    file_name: "loops.ta",
                                    position: 163,
                                    line: 9,
                                    column: 17,
                                  ),
                                  end: Location(
                                    file_name: "loops.ta",
                                    position: 164,
                                    line: 9,
                                    column: 18,
                                  ),
                                ),
                                data: Literal(Integer(Integer(
                                  value: Spanned(
                                    span: Span(
                                      start: Location(
                                        file_name: "loops.ta",
                                        position: 163,
                                        line: 9,
                                        column: 17,
                                      ),
                                      end: Location(
                                        file_name: "loops.ta",
                                        position: 164,
                                        line: 9,
                                        column: 18,
                                      ),
                                    ),
                                    data: "1",
                                  ),
                                  radix: 10,
                                ))),
                              ),
                            )),
                          ),
                        ))),
                      ),
                      Spanned(
                        span: Span(
                          start: Location(
                            file_name: "loops.ta",
                            position: 175,
                            line: 11,
                            column: 9,
                          ),
                          end: Location(
                            file_name: "loops.ta",
                            position: 219,
                            line: 13,
                            column: 10,
                          ),
                        ),
                        data: If(If(
                          condition: Spanned(
                            span: Span(
                              start: Location(
                                file_name: "loops.ta",
                                position: 178,
                                line: 11,
                                column: 12,
                              ),
                              end: Location(
                                file_name: "loops.ta",
                                position: 185,
                                line: 11,
                                column: 19,
                              ),
                            ),
                            data: BinaryOperation(BinaryOperation(
                              left: Spanned(
                                span: Span(
                                  start: Location(
                                    file_name: "loops.ta",
                                    position: 178,
                                    line: 11,
                                    column: 12,
                                  ),
                                  end: Location(
                                    file_name: "loops.ta",
                                    position: 179,
                                    line: 11,
                                    column: 13,
                                  ),
                                ),
                                data: Variable(Variable(
                                  name: Spanned(
                                    span: Span(
                                      start: Location(
                                        file_name: "loops.ta",
                                        position: 178,
                                        line: 11,
                                        column: 12,
                                      ),
                                      end: Location(
                                        file_name: "loops.ta",
                                        position: 179,
                                        line: 11,
                                        column: 13,
                                      ),
                                    ),
                                    data: "a",
                                  ),
                                )),
                              ),
                              operator: Spanned(
                                span: Span(
                                  start: Location(
                                    file_name: "loops.ta",
                                    position: 180,
                                    line: 11,
                                    column: 14,
                                  ),
                                  end: Location(
                                    file_name: "loops.ta",
                                    position: 182,
                                    line: 11,
                                    column: 16,
                                  ),
                                ),
                                data: Equal,
                              ),
                              right: Spanned(
                                span: Span(
                                  start: Location(
                                    file_name: "loops.ta",
                                    position: 183,
                                    line: 11,
                                    column: 17,
                                  ),
                                  end: Location(
                                    file_name: "loops.ta",
                                    position: 185,
                                    line: 11,
                                    column: 19,
                                  ),
                                ),
                                data: Literal(Integer(Integer(
                                  value: Spanned(
                                    span: Span(
                                      start: Location(
                                        file_name: "loops.ta",
                                        position: 183,
                                        line: 11,
                                        column: 17,
                                      ),
                                      end: Location(
                                        file_name: "loops.ta",
                                        position: 185,
                                        line: 11,
                                        column: 19,
                                      ),
                                    ),
                                    data: "15",
                                  ),
                                  radix: 10,
                                ))),
                              ),
                            )),
                          ),
                          body: Spanned(
                            span: Span(
                              start: Location(
                                file_name: "loops.ta",
                                position: 186,
                                line: 11,
                                column: 20,
                              ),
                              end: Location(
                                file_name: "loops.ta",
                                position: 219,
                                line: 13,
                                column: 10,
                              ),
                            ),
                            data: Block(Block(
                              statements: [
                                Spanned(
                                  span: Span(
                                    start: Location(
                                      file_name: "loops.ta",
                                      position: 200,
                                      line: 12,
                                      column: 13,
                                    ),
                                    end: Location(
                                      file_name: "loops.ta",
                                      position: 209,
                                      line: 12,
                                      column: 22,
                                    ),
                                  ),
                                  data: Continue,
                                ),
                              ],
                            )),
                          ),
                          else_branch: None,
                        )),
                      ),
                    ],
                  )),
                ),
              )),
            ),
            Spanned(
              span: Span(
                start: Location(
                  file_name: "loops.ta",
                  position: 231,
                  line: 16,
                  column: 5,
                ),
                end: Location(
                  file_name: "loops.ta",
                  position: 252,
                  line: 16,
                  column: 26,
                ),
              ),
              data: Expression(FunctionCall(FunctionCall(
                function: Spanned(
                  span: Span(
                    start: Location(
                      file_name: "loops.ta",
                      position: 231,
                      line: 16,
                      column: 5,
                    ),
                    end: Location(
                      file_name: "loops.ta",
                      position: 237,
                      line: 16,
                      column: 11,
                    ),
                  ),
                  data: Variable(Variable(
                    name: Spanned(
                      span: Span(
                        start: Location(
                          file_name: "loops.ta",
                          position: 231,
                          line: 16,
                          column: 5,
                        ),
                        end: Location(
                          file_name: "loops.ta",
                          position: 237,
                          line: 16,
                          column: 11,
                        ),
                      ),
                      data: "printf",
                    ),
                  )),
                ),
                arguments: [
                  Spanned(
                    span: Span(
                      start: Location(
                        file_name: "loops.ta",
                        position: 238,
                        line: 16,
                        column: 12,
                      ),
                      end: Location(
                        file_name: "loops.ta",
                        position: 247,
                        line: 16,
                        column: 21,
                      ),
                    ),
                    data: Literal(Character(Character(
                      value: Spanned(
                        span: Span(
                          start: Location(
                            file_name: "loops.ta",
                            position: 238,
                            line: 16,
                            column: 12,
                          ),
                          end: Location(
                            file_name: "loops.ta",
                            position: 247,
                            line: 16,
                            column: 21,
                          ),
                        ),
                        data: "\"a: %d\\n\"",
                      ),
                    ))),
                  ),
                  Spanned(
                    span: Span(
                      start: Location(
                        file_name: "loops.ta",
                        position: 249,
                        line: 16,
                        column: 23,
                      ),
                      end: Location(
                        file_name: "loops.ta",
                        position: 250,
                        line: 16,
                        column: 24,
                      ),
                    ),
                    data: Variable(Variable(
                      name: Spanned(
                        span: Span(
                          start: Location(
                            file_name: "loops.ta",
                            position: 249,
                            line: 16,
                            column: 23,
                          ),
                          end: Location(
                            file_name: "loops.ta",
                            position: 250,
                            line: 16,
                            column: 24,
                          ),
                        ),
                        data: "a",
                      ),
                    )),
                  ),
                ],
              ))),
            ),
            Spanned(
              span: Span(
                start: Location(
                  file_name: "loops.ta",
                  position: 258,
                  line: 18,
                  column: 5,
                ),
                end: Location(
                  file_name: "loops.ta",
                  position: 333,
                  line: 20,
                  column: 6,
                ),
              ),
              data: ForInitCondUpdate(ForInitCondUpdate(
                init: Spanned(
                  span: Span(
                    start: Location(
                      file_name: "loops.ta",
                      position: 262,
                      line: 18,
                      column: 9,
                    ),
                    end: Location(
                      file_name: "loops.ta",
                      position: 277,
                      line: 18,
                      column: 24,
                    ),
                  ),
                  data: VariableDeclaration(VariableDeclaration(
                    name: Spanned(
                      span: Span(
                        start: Location(
                          file_name: "loops.ta",
                          position: 266,
                          line: 18,
                          column: 13,
                        ),
                        end: Location(
                          file_name: "loops.ta",
                          position: 267,
                          line: 18,
                          column: 14,
                        ),
                      ),
                      data: "i",
                    ),
                    ty: Some(Spanned(
                      span: Span(
                        start: Location(
                          file_name: "loops.ta",
                          position: 269,
                          line: 18,
                          column: 16,
                        ),
                        end: Location(
                          file_name: "loops.ta",
                          position: 272,
                          line: 18,
                          column: 19,
                        ),
                      ),
                      data: Named(NamedType(
                        name: Spanned(
                          span: Span(
                            start: Location(
                              file_name: "loops.ta",
                              position: 269,
                              line: 18,
                              column: 16,
                            ),
                            end: Location(
                              file_name: "loops.ta",
                              position: 272,
                              line: 18,
                              column: 19,
                            ),
                          ),
                          data: "i32",
                        ),
                      )),
                    )),
                    value: Spanned(
                      span: Span(
                        start: Location(
                          file_name: "loops.ta",
                          position: 275,
                          line: 18,
                          column: 22,
                        ),
                        end: Location(
                          file_name: "loops.ta",
                          position: 276,
                          line: 18,
                          column: 23,
                        ),
                      ),
                      data: Variable(Variable(
                        name: Spanned(
                          span: Span(
                            start: Location(
                              file_name: "loops.ta",
                              position: 275,
                              line: 18,
                              column: 22,
                            ),
                            end: Location(
                              file_name: "loops.ta",
                              position: 276,
                              line: 18,
                              column: 23,
                            ),
                          ),
                          data: "a",
                        ),
                      )),
                    ),
                  )),
                ),
                condition: Spanned(
                  span: Span(
                    start: Location(
                      file_name: "loops.ta",
                      position: 278,
                      line: 18,
                      column: 25,
                    ),
                    end: Location(
                      file_name: "loops.ta",
                      position: 284,
                      line: 18,
                      column: 31,
                    ),
                  ),
                  data: Expression(BinaryOperation(BinaryOperation(
                    left: Spanned(
                      span: Span(
                        start: Location(
                          file_name: "loops.ta",
                          position: 278,
                          line: 18,
                          column: 25,
                        ),
                        end: Location(
                          file_name: "loops.ta",
                          position: 279,
                          line: 18,
                          column: 26,
                        ),
                      ),
                      data: Variable(Variable(
                        name: Spanned(
                          span: Span(
                            start: Location(
                              file_name: "loops.ta",
                              position: 278,
                              line: 18,
                              column: 25,
                            ),
                            end: Location(
                              file_name: "loops.ta",
                              position: 279,
                              line: 18,
                              column: 26,
                            ),
                          ),
                          data: "i",
                        ),
                      )),
                    ),
                    operator: Spanned(
                      span: Span(
                        start: Location(
                          file_name: "loops.ta",
                          position: 280,
                          line: 18,
                          column: 27,
                        ),
                        end: Location(
                          file_name: "loops.ta",
                          position: 281,
                          line: 18,
                          column: 28,
                        ),
                      ),
                      data: LessThan,
                    ),
                    right: Spanned(
                      span: Span(
                        start: Location(
                          file_name: "loops.ta",
                          position: 282,
                          line: 18,
                          column: 29,
                        ),
                        end: Location(
                          file_name: "loops.ta",
                          position: 283,
                          line: 18,
                          column: 30,
                        ),
                      ),
                      data: Variable(Variable(
                        name: Spanned(
                          span: Span(
                            start: Location(
                              file_name: "loops.ta",
                              position: 282,
                              line: 18,
                              column: 29,
                            ),
                            end: Location(
                              file_name: "loops.ta",
                              position: 283,
                              line: 18,
                              column: 30,
                            ),
                          ),
                          data: "c",
                        ),
                      )),
                    ),
                  ))),
                ),
                update: Spanned(
                  span: Span(
                    start: Location(
                      file_name: "loops.ta",
                      position: 285,
                      line: 18,
                      column: 32,
                    ),
                    end: Location(
                      file_name: "loops.ta",
                      position: 295,
                      line: 18,
                      column: 42,
                    ),
                  ),
                  data: Expression(BinaryOperation(BinaryOperation(
                    left: Spanned(
                      span: Span(
                        start: Location(
                          file_name: "loops.ta",
                          position: 285,
                          line: 18,
                          column: 32,
                        ),
                        end: Location(
                          file_name: "loops.ta",
                          position: 286,
                          line: 18,
                          column: 33,
                        ),
                      ),
                      data: Variable(Variable(
                        name: Spanned(
                          span: Span(
                            start: Location(
                              file_name: "loops.ta",
                              position: 285,
                              line: 18,
                              column: 32,
                            ),
                            end: Location(
                              file_name: "loops.ta",
                              position: 286,
                              line: 18,
                              column: 33,
                            ),
                          ),
                          data: "i",
                        ),
                      )),
                    ),
                    operator: Spanned(
                      span: Span(
                        start: Location(
                          file_name: "loops.ta",
                          position: 287,
                          line: 18,
                          column: 34,
                        ),
                        end: Location(
                          file_name: "loops.ta",
                          position: 288,
                          line: 18,
                          column: 35,
                        ),
                      ),
                      data: Assignment,
                    ),
                    right: Spanned(
                      span: Span(
                        start: Location(
                          file_name: "loops.ta",
                          position: 289,
                          line: 18,
                          column: 36,
                        ),
                        end: Location(
                          file_name: "loops.ta",
                          position: 294,
                          line: 18,
                          column: 41,
                        ),
                      ),
                      data: BinaryOperation(BinaryOperation(
                        left: Spanned(
                          span: Span(
                            start: Location(
                              file_name: "loops.ta",
                              position: 289,
                              line: 18,
                              column: 36,
                            ),
                            end: Location(
                              file_name: "loops.ta",
                              position: 290,
                              line: 18,
                              column: 37,
                            ),
                          ),
                          data: Variable(Variable(
                            name: Spanned(
                              span: Span(
                                start: Location(
                                  file_name: "loops.ta",
                                  position: 289,
                                  line: 18,
                                  column: 36,
                                ),
                                end: Location(
                                  file_name: "loops.ta",
                                  position: 290,
                                  line: 18,
                                  column: 37,
                                ),
                              ),
                              data: "i",
                            ),
                          )),
                        ),
                        operator: Spanned(
                          span: Span(
                            start: Location(
                              file_name: "loops.ta",
                              position: 291,
                              line: 18,
                              column: 38,
                            ),
                            end: Location(
                              file_name: "loops.ta",
                              position: 292,
                              line: 18,
                              column: 39,
                            ),
                          ),
                          data: Addition,
                        ),
                        right: Spanned(
                          span: Span(
                            start: Location(
                              file_name: "loops.ta",
                              position: 293,
                              line: 18,
                              column: 40,
                            ),
                            end: Location(
                              file_name: "loops.ta",
                              position: 294,
                              line: 18,
                              column: 41,
                            ),
                          ),
                          data: Literal(Integer(Integer(
                            value: Spanned(
                              span: Span(
                                start: Location(
                                  file_name: "loops.ta",
                                  position: 293,
                                  line: 18,
                                  column: 40,
                                ),
                                end: Location(
                                  file_name: "loops.ta",
                                  position: 294,
                                  line: 18,
                                  column: 41,
                                ),
                              ),
                              data: "1",
                            ),
                            radix: 10,
                          ))),
                        ),
                      )),
                    ),
                  ))),
                ),
                body: Spanned(
                  span: Span(
                    start: Location(
                      file_name: "loops.ta",
                      position: 296,
                      line: 18,
                      column: 43,
                    ),
                    end: Location(
                      file_name: "loops.ta",
                      position: 333,
                      line: 20,
                      column: 6,
                    ),
                  ),
                  data: Block(Block(
                    statements: [
                      Spanned(
                        span: Span(
                          start: Location(
                            file_name: "loops.ta",
                            position: 306,
                            line: 19,
                            column: 9,
                          ),
                          end: Location(
                            file_name: "loops.ta",
                            position: 327,
                            line: 19,
                            column: 30,
                          ),
                        ),
                        data: Expression(FunctionCall(FunctionCall(
                          function: Spanned(
                            span: Span(
                              start: Location(
                                file_name: "loops.ta",
                                position: 306,
                                line: 19,
                                column: 9,
                              ),
                              end: Location(
                                file_name: "loops.ta",
                                position: 312,
                                line: 19,
                                column: 15,
                              ),
                            ),
                            data: Variable(Variable(
                              name: Spanned(
                                span: Span(
                                  start: Location(
                                    file_name: "loops.ta",
                                    position: 306,
                                    line: 19,
                                    column: 9,
                                  ),
                                  end: Location(
                                    file_name: "loops.ta",
                                    position: 312,
                                    line: 19,
                                    column: 15,
                                  ),
                                ),
                                data: "printf",
                              ),
                            )),
                          ),
                          arguments: [
                            Spanned(
                              span: Span(
                                start: Location(
                                  file_name: "loops.ta",
                                  position: 313,
                                  line: 19,
                                  column: 16,
                                ),
                                end: Location(
                                  file_name: "loops.ta",
                                  position: 322,
                                  line: 19,
                                  column: 25,
                                ),
                              ),
                              data: Literal(Character(Character(
                                value: Spanned(
                                  span: Span(
                                    start: Location(
                                      file_name: "loops.ta",
                                      position: 313,
                                      line: 19,
                                      column: 16,
                                    ),
                                    end: Location(
                                      file_name: "loops.ta",
                                      position: 322,
                                      line: 19,
                                      column: 25,
                                    ),
                                  ),
                                  data: "\"i: %d\\n\"",
                                ),
                              ))),
                            ),
                            Spanned(
                              span: Span(
                                start: Location(
                                  file_name: "loops.ta",
                                  position: 324,
                                  line: 19,
                                  column: 27,
                                ),
                                end: Location(
                                  file_name: "loops.ta",
                                  position: 325,
                                  line: 19,
                                  column: 28,
                                ),
                              ),
                              data: Variable(Variable(
                                name: Spanned(
                                  span: Span(
                                    start: Location(
                                      file_name: "loops.ta",
                                      position: 324,
                                      line: 19,
                                      column: 27,
                                    ),
                                    end: Location(
                                      file_name: "loops.ta",
                                      position: 325,
                                      line: 19,
                                      column: 28,
                                    ),
                                  ),
                                  data: "i",
                                ),
                              )),
                            ),
                          ],
                        ))),
                      ),
                    ],
                  )),
                ),
              )),
            ),
            Spanned(
              span: Span(
                start: Location(
                  file_name: "loops.ta",
                  position: 339,
                  line: 22,
                  column: 5,
                ),
                end: Location(
                  file_name: "loops.ta",
                  position: 380,
                  line: 22,
                  column: 46,
                ),
              ),
              data: Expression(FunctionCall(FunctionCall(
                function: Spanned(
                  span: Span(
                    start: Location(
                      file_name: "loops.ta",
                      position: 339,
                      line: 22,
                      column: 5,
                    ),
                    end: Location(
                      file_name: "loops.ta",
                      position: 345,
                      line: 22,
                      column: 11,
                    ),
                  ),
                  data: Variable(Variable(
                    name: Spanned(
                      span: Span(
                        start: Location(
                          file_name: "loops.ta",
                          position: 339,
                          line: 22,
                          column: 5,
                        ),
                        end: Location(
                          file_name: "loops.ta",
                          position: 345,
                          line: 22,
                          column: 11,
                        ),
                      ),
                      data: "printf",
                    ),
                  )),
                ),
                arguments: [
                  Spanned(
                    span: Span(
                      start: Location(
                        file_name: "loops.ta",
                        position: 346,
                        line: 22,
                        column: 12,
                      ),
                      end: Location(
                        file_name: "loops.ta",
                        position: 369,
                        line: 22,
                        column: 35,
                      ),
                    ),
                    data: Literal(Character(Character(
                      value: Spanned(
                        span: Span(
                          start: Location(
                            file_name: "loops.ta",
                            position: 346,
                            line: 22,
                            column: 12,
                          ),
                          end: Location(
                            file_name: "loops.ta",
                            position: 369,
                            line: 22,
                            column: 35,
                          ),
                        ),
                        data: "\"a: %d, b: %d, c: %d\\n\"",
                      ),
                    ))),
                  ),
                  Spanned(
                    span: Span(
                      start: Location(
                        file_name: "loops.ta",
                        position: 371,
                        line: 22,
                        column: 37,
                      ),
                      end: Location(
                        file_name: "loops.ta",
                        position: 372,
                        line: 22,
                        column: 38,
                      ),
                    ),
                    data: Variable(Variable(
                      name: Spanned(
                        span: Span(
                          start: Location(
                            file_name: "loops.ta",
                            position: 371,
                            line: 22,
                            column: 37,
                          ),
                          end: Location(
                            file_name: "loops.ta",
                            position: 372,
                            line: 22,
                            column: 38,
                          ),
                        ),
                        data: "a",
                      ),
                    )),
                  ),
                  Spanned(
                    span: Span(
                      start: Location(
                        file_name: "loops.ta",
                        position: 374,
                        line: 22,
                        column: 40,
                      ),
                      end: Location(
                        file_name: "loops.ta",
                        position: 375,
                        line: 22,
                        column: 41,
                      ),
                    ),
                    data: Variable(Variable(
                      name: Spanned(
                        span: Span(
                          start: Location(
                            file_name: "loops.ta",
                            position: 374,
                            line: 22,
                            column: 40,
                          ),
                          end: Location(
                            file_name: "loops.ta",
                            position: 375,
                            line: 22,
                            column: 41,
                          ),
                        ),
                        data: "b",
                      ),
                    )),
                  ),
                  Spanned(
                    span: Span(
                      start: Location(
                        file_name: "loops.ta",
                        position: 377,
                        line: 22,
                        column: 43,
                      ),
                      end: Location(
                        file_name: "loops.ta",
                        position: 378,
                        line: 22,
                        column: 44,
                      ),
                    ),
                    data: Variable(Variable(
                      name: Spanned(
                        span: Span(
                          start: Location(
                            file_name: "loops.ta",
                            position: 377,
                            line: 22,
                            column: 43,
                          ),
                          end: Location(
                            file_name: "loops.ta",
                            position: 378,
                            line: 22,
                            column: 44,
                          ),
                        ),
                        data: "c",
                      ),
                    )),
                  ),
                ],
              ))),
            ),
            Spanned(
              span: Span(
                start: Location(
                  file_name: "loops.ta",
                  position: 386,
                  line: 24,
                  column: 5,
                ),
                end: Location(
                  file_name: "loops.ta",
                  position: 395,
                  line: 24,
                  column: 14,
                ),
              ),
              data: Return(Return(
                value: Some(Spanned(
                  span: Span(
                    start: Location(
                      file_name: "loops.ta",
                      position: 393,
                      line: 24,
                      column: 12,
                    ),
                    end: Location(
                      file_name: "loops.ta",
                      position: 394,
                      line: 24,
                      column: 13,
                    ),
                  ),
                  data: Literal(Integer(Integer(
                    value: Spanned(
                      span: Span(
                        start: Location(
                          file_name: "loops.ta",
                          position: 393,
                          line: 24,
                          column: 12,
                        ),
                        end: Location(
                          file_name: "loops.ta",
                          position: 394,
                          line: 24,
                          column: 13,
                        ),
                      ),
                      data: "0",
                    ),
                    radix: 10,
                  ))),
                )),
              )),
            ),
          ],
        )),
      ),
    )),
  ),
]))
