---
source: tantalum_parser/tests/snapshots.rs
expression: ast
snapshot_kind: text
---
Ok(AST([
  Spanned(
    span: Span(
      start: Location(
        file_name: "conditionals.ta",
        position: 0,
        line: 1,
        column: 1,
      ),
      end: Location(
        file_name: "conditionals.ta",
        position: 192,
        line: 13,
        column: 2,
      ),
    ),
    data: Function(Function(
      name: Spanned(
        span: Span(
          start: Location(
            file_name: "conditionals.ta",
            position: 3,
            line: 1,
            column: 4,
          ),
          end: Location(
            file_name: "conditionals.ta",
            position: 7,
            line: 1,
            column: 8,
          ),
        ),
        data: "main",
      ),
      parameters: Spanned(
        span: Span(
          start: Location(
            file_name: "conditionals.ta",
            position: 7,
            line: 1,
            column: 8,
          ),
          end: Location(
            file_name: "conditionals.ta",
            position: 9,
            line: 1,
            column: 10,
          ),
        ),
        data: [],
      ),
      return_type: Some(Spanned(
        span: Span(
          start: Location(
            file_name: "conditionals.ta",
            position: 11,
            line: 1,
            column: 12,
          ),
          end: Location(
            file_name: "conditionals.ta",
            position: 14,
            line: 1,
            column: 15,
          ),
        ),
        data: Named(NamedType(
          name: Spanned(
            span: Span(
              start: Location(
                file_name: "conditionals.ta",
                position: 11,
                line: 1,
                column: 12,
              ),
              end: Location(
                file_name: "conditionals.ta",
                position: 14,
                line: 1,
                column: 15,
              ),
            ),
            data: "i32",
          ),
        )),
      )),
      body: Spanned(
        span: Span(
          start: Location(
            file_name: "conditionals.ta",
            position: 15,
            line: 1,
            column: 16,
          ),
          end: Location(
            file_name: "conditionals.ta",
            position: 192,
            line: 13,
            column: 2,
          ),
        ),
        data: Block(Block(
          statements: [
            Spanned(
              span: Span(
                start: Location(
                  file_name: "conditionals.ta",
                  position: 21,
                  line: 2,
                  column: 5,
                ),
                end: Location(
                  file_name: "conditionals.ta",
                  position: 37,
                  line: 2,
                  column: 21,
                ),
              ),
              data: VariableDeclaration(VariableDeclaration(
                name: Spanned(
                  span: Span(
                    start: Location(
                      file_name: "conditionals.ta",
                      position: 25,
                      line: 2,
                      column: 9,
                    ),
                    end: Location(
                      file_name: "conditionals.ta",
                      position: 26,
                      line: 2,
                      column: 10,
                    ),
                  ),
                  data: "a",
                ),
                ty: Some(Spanned(
                  span: Span(
                    start: Location(
                      file_name: "conditionals.ta",
                      position: 28,
                      line: 2,
                      column: 12,
                    ),
                    end: Location(
                      file_name: "conditionals.ta",
                      position: 31,
                      line: 2,
                      column: 15,
                    ),
                  ),
                  data: Named(NamedType(
                    name: Spanned(
                      span: Span(
                        start: Location(
                          file_name: "conditionals.ta",
                          position: 28,
                          line: 2,
                          column: 12,
                        ),
                        end: Location(
                          file_name: "conditionals.ta",
                          position: 31,
                          line: 2,
                          column: 15,
                        ),
                      ),
                      data: "i32",
                    ),
                  )),
                )),
                value: Spanned(
                  span: Span(
                    start: Location(
                      file_name: "conditionals.ta",
                      position: 34,
                      line: 2,
                      column: 18,
                    ),
                    end: Location(
                      file_name: "conditionals.ta",
                      position: 36,
                      line: 2,
                      column: 20,
                    ),
                  ),
                  data: Literal(Integer(Integer(
                    value: Spanned(
                      span: Span(
                        start: Location(
                          file_name: "conditionals.ta",
                          position: 34,
                          line: 2,
                          column: 18,
                        ),
                        end: Location(
                          file_name: "conditionals.ta",
                          position: 36,
                          line: 2,
                          column: 20,
                        ),
                      ),
                      data: "10",
                    ),
                    radix: 10,
                  ))),
                ),
              )),
            ),
            Spanned(
              span: Span(
                start: Location(
                  file_name: "conditionals.ta",
                  position: 42,
                  line: 3,
                  column: 5,
                ),
                end: Location(
                  file_name: "conditionals.ta",
                  position: 58,
                  line: 3,
                  column: 21,
                ),
              ),
              data: VariableDeclaration(VariableDeclaration(
                name: Spanned(
                  span: Span(
                    start: Location(
                      file_name: "conditionals.ta",
                      position: 46,
                      line: 3,
                      column: 9,
                    ),
                    end: Location(
                      file_name: "conditionals.ta",
                      position: 47,
                      line: 3,
                      column: 10,
                    ),
                  ),
                  data: "b",
                ),
                ty: Some(Spanned(
                  span: Span(
                    start: Location(
                      file_name: "conditionals.ta",
                      position: 49,
                      line: 3,
                      column: 12,
                    ),
                    end: Location(
                      file_name: "conditionals.ta",
                      position: 52,
                      line: 3,
                      column: 15,
                    ),
                  ),
                  data: Named(NamedType(
                    name: Spanned(
                      span: Span(
                        start: Location(
                          file_name: "conditionals.ta",
                          position: 49,
                          line: 3,
                          column: 12,
                        ),
                        end: Location(
                          file_name: "conditionals.ta",
                          position: 52,
                          line: 3,
                          column: 15,
                        ),
                      ),
                      data: "i32",
                    ),
                  )),
                )),
                value: Spanned(
                  span: Span(
                    start: Location(
                      file_name: "conditionals.ta",
                      position: 55,
                      line: 3,
                      column: 18,
                    ),
                    end: Location(
                      file_name: "conditionals.ta",
                      position: 57,
                      line: 3,
                      column: 20,
                    ),
                  ),
                  data: Literal(Integer(Integer(
                    value: Spanned(
                      span: Span(
                        start: Location(
                          file_name: "conditionals.ta",
                          position: 55,
                          line: 3,
                          column: 18,
                        ),
                        end: Location(
                          file_name: "conditionals.ta",
                          position: 57,
                          line: 3,
                          column: 20,
                        ),
                      ),
                      data: "20",
                    ),
                    radix: 10,
                  ))),
                ),
              )),
            ),
            Spanned(
              span: Span(
                start: Location(
                  file_name: "conditionals.ta",
                  position: 63,
                  line: 4,
                  column: 5,
                ),
                end: Location(
                  file_name: "conditionals.ta",
                  position: 79,
                  line: 4,
                  column: 21,
                ),
              ),
              data: VariableDeclaration(VariableDeclaration(
                name: Spanned(
                  span: Span(
                    start: Location(
                      file_name: "conditionals.ta",
                      position: 67,
                      line: 4,
                      column: 9,
                    ),
                    end: Location(
                      file_name: "conditionals.ta",
                      position: 68,
                      line: 4,
                      column: 10,
                    ),
                  ),
                  data: "c",
                ),
                ty: Some(Spanned(
                  span: Span(
                    start: Location(
                      file_name: "conditionals.ta",
                      position: 70,
                      line: 4,
                      column: 12,
                    ),
                    end: Location(
                      file_name: "conditionals.ta",
                      position: 73,
                      line: 4,
                      column: 15,
                    ),
                  ),
                  data: Named(NamedType(
                    name: Spanned(
                      span: Span(
                        start: Location(
                          file_name: "conditionals.ta",
                          position: 70,
                          line: 4,
                          column: 12,
                        ),
                        end: Location(
                          file_name: "conditionals.ta",
                          position: 73,
                          line: 4,
                          column: 15,
                        ),
                      ),
                      data: "i32",
                    ),
                  )),
                )),
                value: Spanned(
                  span: Span(
                    start: Location(
                      file_name: "conditionals.ta",
                      position: 76,
                      line: 4,
                      column: 18,
                    ),
                    end: Location(
                      file_name: "conditionals.ta",
                      position: 78,
                      line: 4,
                      column: 20,
                    ),
                  ),
                  data: Literal(Integer(Integer(
                    value: Spanned(
                      span: Span(
                        start: Location(
                          file_name: "conditionals.ta",
                          position: 76,
                          line: 4,
                          column: 18,
                        ),
                        end: Location(
                          file_name: "conditionals.ta",
                          position: 78,
                          line: 4,
                          column: 20,
                        ),
                      ),
                      data: "30",
                    ),
                    radix: 10,
                  ))),
                ),
              )),
            ),
            Spanned(
              span: Span(
                start: Location(
                  file_name: "conditionals.ta",
                  position: 85,
                  line: 6,
                  column: 5,
                ),
                end: Location(
                  file_name: "conditionals.ta",
                  position: 190,
                  line: 12,
                  column: 6,
                ),
              ),
              data: If(If(
                condition: Spanned(
                  span: Span(
                    start: Location(
                      file_name: "conditionals.ta",
                      position: 88,
                      line: 6,
                      column: 8,
                    ),
                    end: Location(
                      file_name: "conditionals.ta",
                      position: 93,
                      line: 6,
                      column: 13,
                    ),
                  ),
                  data: BinaryOperation(BinaryOperation(
                    left: Spanned(
                      span: Span(
                        start: Location(
                          file_name: "conditionals.ta",
                          position: 88,
                          line: 6,
                          column: 8,
                        ),
                        end: Location(
                          file_name: "conditionals.ta",
                          position: 89,
                          line: 6,
                          column: 9,
                        ),
                      ),
                      data: Variable(Variable(
                        name: Spanned(
                          span: Span(
                            start: Location(
                              file_name: "conditionals.ta",
                              position: 88,
                              line: 6,
                              column: 8,
                            ),
                            end: Location(
                              file_name: "conditionals.ta",
                              position: 89,
                              line: 6,
                              column: 9,
                            ),
                          ),
                          data: "a",
                        ),
                      )),
                    ),
                    operator: Spanned(
                      span: Span(
                        start: Location(
                          file_name: "conditionals.ta",
                          position: 90,
                          line: 6,
                          column: 10,
                        ),
                        end: Location(
                          file_name: "conditionals.ta",
                          position: 91,
                          line: 6,
                          column: 11,
                        ),
                      ),
                      data: GreaterThan,
                    ),
                    right: Spanned(
                      span: Span(
                        start: Location(
                          file_name: "conditionals.ta",
                          position: 92,
                          line: 6,
                          column: 12,
                        ),
                        end: Location(
                          file_name: "conditionals.ta",
                          position: 93,
                          line: 6,
                          column: 13,
                        ),
                      ),
                      data: Variable(Variable(
                        name: Spanned(
                          span: Span(
                            start: Location(
                              file_name: "conditionals.ta",
                              position: 92,
                              line: 6,
                              column: 12,
                            ),
                            end: Location(
                              file_name: "conditionals.ta",
                              position: 93,
                              line: 6,
                              column: 13,
                            ),
                          ),
                          data: "b",
                        ),
                      )),
                    ),
                  )),
                ),
                body: Spanned(
                  span: Span(
                    start: Location(
                      file_name: "conditionals.ta",
                      position: 94,
                      line: 6,
                      column: 14,
                    ),
                    end: Location(
                      file_name: "conditionals.ta",
                      position: 119,
                      line: 8,
                      column: 6,
                    ),
                  ),
                  data: Block(Block(
                    statements: [
                      Spanned(
                        span: Span(
                          start: Location(
                            file_name: "conditionals.ta",
                            position: 104,
                            line: 7,
                            column: 9,
                          ),
                          end: Location(
                            file_name: "conditionals.ta",
                            position: 113,
                            line: 7,
                            column: 18,
                          ),
                        ),
                        data: Return(Return(
                          value: Some(Spanned(
                            span: Span(
                              start: Location(
                                file_name: "conditionals.ta",
                                position: 111,
                                line: 7,
                                column: 16,
                              ),
                              end: Location(
                                file_name: "conditionals.ta",
                                position: 112,
                                line: 7,
                                column: 17,
                              ),
                            ),
                            data: Variable(Variable(
                              name: Spanned(
                                span: Span(
                                  start: Location(
                                    file_name: "conditionals.ta",
                                    position: 111,
                                    line: 7,
                                    column: 16,
                                  ),
                                  end: Location(
                                    file_name: "conditionals.ta",
                                    position: 112,
                                    line: 7,
                                    column: 17,
                                  ),
                                ),
                                data: "a",
                              ),
                            )),
                          )),
                        )),
                      ),
                    ],
                  )),
                ),
                else_branch: Some(Spanned(
                  span: Span(
                    start: Location(
                      file_name: "conditionals.ta",
                      position: 125,
                      line: 8,
                      column: 12,
                    ),
                    end: Location(
                      file_name: "conditionals.ta",
                      position: 190,
                      line: 12,
                      column: 6,
                    ),
                  ),
                  data: If(If(
                    condition: Spanned(
                      span: Span(
                        start: Location(
                          file_name: "conditionals.ta",
                          position: 128,
                          line: 8,
                          column: 15,
                        ),
                        end: Location(
                          file_name: "conditionals.ta",
                          position: 133,
                          line: 8,
                          column: 20,
                        ),
                      ),
                      data: BinaryOperation(BinaryOperation(
                        left: Spanned(
                          span: Span(
                            start: Location(
                              file_name: "conditionals.ta",
                              position: 128,
                              line: 8,
                              column: 15,
                            ),
                            end: Location(
                              file_name: "conditionals.ta",
                              position: 129,
                              line: 8,
                              column: 16,
                            ),
                          ),
                          data: Variable(Variable(
                            name: Spanned(
                              span: Span(
                                start: Location(
                                  file_name: "conditionals.ta",
                                  position: 128,
                                  line: 8,
                                  column: 15,
                                ),
                                end: Location(
                                  file_name: "conditionals.ta",
                                  position: 129,
                                  line: 8,
                                  column: 16,
                                ),
                              ),
                              data: "b",
                            ),
                          )),
                        ),
                        operator: Spanned(
                          span: Span(
                            start: Location(
                              file_name: "conditionals.ta",
                              position: 130,
                              line: 8,
                              column: 17,
                            ),
                            end: Location(
                              file_name: "conditionals.ta",
                              position: 131,
                              line: 8,
                              column: 18,
                            ),
                          ),
                          data: GreaterThan,
                        ),
                        right: Spanned(
                          span: Span(
                            start: Location(
                              file_name: "conditionals.ta",
                              position: 132,
                              line: 8,
                              column: 19,
                            ),
                            end: Location(
                              file_name: "conditionals.ta",
                              position: 133,
                              line: 8,
                              column: 20,
                            ),
                          ),
                          data: Variable(Variable(
                            name: Spanned(
                              span: Span(
                                start: Location(
                                  file_name: "conditionals.ta",
                                  position: 132,
                                  line: 8,
                                  column: 19,
                                ),
                                end: Location(
                                  file_name: "conditionals.ta",
                                  position: 133,
                                  line: 8,
                                  column: 20,
                                ),
                              ),
                              data: "c",
                            ),
                          )),
                        ),
                      )),
                    ),
                    body: Spanned(
                      span: Span(
                        start: Location(
                          file_name: "conditionals.ta",
                          position: 134,
                          line: 8,
                          column: 21,
                        ),
                        end: Location(
                          file_name: "conditionals.ta",
                          position: 159,
                          line: 10,
                          column: 6,
                        ),
                      ),
                      data: Block(Block(
                        statements: [
                          Spanned(
                            span: Span(
                              start: Location(
                                file_name: "conditionals.ta",
                                position: 144,
                                line: 9,
                                column: 9,
                              ),
                              end: Location(
                                file_name: "conditionals.ta",
                                position: 153,
                                line: 9,
                                column: 18,
                              ),
                            ),
                            data: Return(Return(
                              value: Some(Spanned(
                                span: Span(
                                  start: Location(
                                    file_name: "conditionals.ta",
                                    position: 151,
                                    line: 9,
                                    column: 16,
                                  ),
                                  end: Location(
                                    file_name: "conditionals.ta",
                                    position: 152,
                                    line: 9,
                                    column: 17,
                                  ),
                                ),
                                data: Variable(Variable(
                                  name: Spanned(
                                    span: Span(
                                      start: Location(
                                        file_name: "conditionals.ta",
                                        position: 151,
                                        line: 9,
                                        column: 16,
                                      ),
                                      end: Location(
                                        file_name: "conditionals.ta",
                                        position: 152,
                                        line: 9,
                                        column: 17,
                                      ),
                                    ),
                                    data: "b",
                                  ),
                                )),
                              )),
                            )),
                          ),
                        ],
                      )),
                    ),
                    else_branch: Some(Spanned(
                      span: Span(
                        start: Location(
                          file_name: "conditionals.ta",
                          position: 165,
                          line: 10,
                          column: 12,
                        ),
                        end: Location(
                          file_name: "conditionals.ta",
                          position: 190,
                          line: 12,
                          column: 6,
                        ),
                      ),
                      data: Block(Block(
                        statements: [
                          Spanned(
                            span: Span(
                              start: Location(
                                file_name: "conditionals.ta",
                                position: 175,
                                line: 11,
                                column: 9,
                              ),
                              end: Location(
                                file_name: "conditionals.ta",
                                position: 184,
                                line: 11,
                                column: 18,
                              ),
                            ),
                            data: Return(Return(
                              value: Some(Spanned(
                                span: Span(
                                  start: Location(
                                    file_name: "conditionals.ta",
                                    position: 182,
                                    line: 11,
                                    column: 16,
                                  ),
                                  end: Location(
                                    file_name: "conditionals.ta",
                                    position: 183,
                                    line: 11,
                                    column: 17,
                                  ),
                                ),
                                data: Variable(Variable(
                                  name: Spanned(
                                    span: Span(
                                      start: Location(
                                        file_name: "conditionals.ta",
                                        position: 182,
                                        line: 11,
                                        column: 16,
                                      ),
                                      end: Location(
                                        file_name: "conditionals.ta",
                                        position: 183,
                                        line: 11,
                                        column: 17,
                                      ),
                                    ),
                                    data: "c",
                                  ),
                                )),
                              )),
                            )),
                          ),
                        ],
                      )),
                    )),
                  )),
                )),
              )),
            ),
          ],
        )),
      ),
    )),
  ),
]))
