---
source: tantalum_lexer/tests/snapshots.rs
expression: tokens
snapshot_kind: text
---
[
  Spanned(
    span: Span(
      start: Location(
        file_name: "start.ta",
        position: 0,
        line: 1,
        column: 1,
      ),
      end: Location(
        file_name: "start.ta",
        position: 2,
        line: 1,
        column: 3,
      ),
    ),
    data: Token(
      lexeme: "fn",
      kind: KeywordFn,
    ),
  ),
  Spanned(
    span: Span(
      start: Location(
        file_name: "start.ta",
        position: 3,
        line: 1,
        column: 4,
      ),
      end: Location(
        file_name: "start.ta",
        position: 7,
        line: 1,
        column: 8,
      ),
    ),
    data: Token(
      lexeme: "main",
      kind: Identifier,
    ),
  ),
  Spanned(
    span: Span(
      start: Location(
        file_name: "start.ta",
        position: 7,
        line: 1,
        column: 8,
      ),
      end: Location(
        file_name: "start.ta",
        position: 8,
        line: 1,
        column: 9,
      ),
    ),
    data: Token(
      lexeme: "(",
      kind: LeftParen,
    ),
  ),
  Spanned(
    span: Span(
      start: Location(
        file_name: "start.ta",
        position: 8,
        line: 1,
        column: 9,
      ),
      end: Location(
        file_name: "start.ta",
        position: 9,
        line: 1,
        column: 10,
      ),
    ),
    data: Token(
      lexeme: ")",
      kind: RightParen,
    ),
  ),
  Spanned(
    span: Span(
      start: Location(
        file_name: "start.ta",
        position: 9,
        line: 1,
        column: 10,
      ),
      end: Location(
        file_name: "start.ta",
        position: 10,
        line: 1,
        column: 11,
      ),
    ),
    data: Token(
      lexeme: ":",
      kind: Colon,
    ),
  ),
  Spanned(
    span: Span(
      start: Location(
        file_name: "start.ta",
        position: 11,
        line: 1,
        column: 12,
      ),
      end: Location(
        file_name: "start.ta",
        position: 14,
        line: 1,
        column: 15,
      ),
    ),
    data: Token(
      lexeme: "i32",
      kind: Identifier,
    ),
  ),
  Spanned(
    span: Span(
      start: Location(
        file_name: "start.ta",
        position: 15,
        line: 1,
        column: 16,
      ),
      end: Location(
        file_name: "start.ta",
        position: 16,
        line: 1,
        column: 17,
      ),
    ),
    data: Token(
      lexeme: "{",
      kind: LeftBrace,
    ),
  ),
  Spanned(
    span: Span(
      start: Location(
        file_name: "start.ta",
        position: 21,
        line: 2,
        column: 5,
      ),
      end: Location(
        file_name: "start.ta",
        position: 27,
        line: 2,
        column: 11,
      ),
    ),
    data: Token(
      lexeme: "return",
      kind: KeywordReturn,
    ),
  ),
  Spanned(
    span: Span(
      start: Location(
        file_name: "start.ta",
        position: 28,
        line: 2,
        column: 12,
      ),
      end: Location(
        file_name: "start.ta",
        position: 29,
        line: 2,
        column: 13,
      ),
    ),
    data: Token(
      lexeme: "0",
      kind: DecimalIntegerLiteral,
    ),
  ),
  Spanned(
    span: Span(
      start: Location(
        file_name: "start.ta",
        position: 29,
        line: 2,
        column: 13,
      ),
      end: Location(
        file_name: "start.ta",
        position: 30,
        line: 2,
        column: 14,
      ),
    ),
    data: Token(
      lexeme: ";",
      kind: Semicolon,
    ),
  ),
  Spanned(
    span: Span(
      start: Location(
        file_name: "start.ta",
        position: 31,
        line: 3,
        column: 1,
      ),
      end: Location(
        file_name: "start.ta",
        position: 32,
        line: 3,
        column: 2,
      ),
    ),
    data: Token(
      lexeme: "}",
      kind: RightBrace,
    ),
  ),
]
