---
source: tantalum_parser/src/tests/statement.rs
expression: result
snapshot_kind: text
---
Ok(Spanned(
  span: Span(
    start: Location(
      file_name: "while_statement",
      position: 0,
      line: 1,
      column: 1,
    ),
    end: Location(
      file_name: "while_statement",
      position: 27,
      line: 1,
      column: 28,
    ),
  ),
  data: While(While(
    condition: Spanned(
      span: Span(
        start: Location(
          file_name: "while_statement",
          position: 6,
          line: 1,
          column: 7,
        ),
        end: Location(
          file_name: "while_statement",
          position: 12,
          line: 1,
          column: 13,
        ),
      ),
      data: BinaryOperation(BinaryOperation(
        left: Spanned(
          span: Span(
            start: Location(
              file_name: "while_statement",
              position: 6,
              line: 1,
              column: 7,
            ),
            end: Location(
              file_name: "while_statement",
              position: 7,
              line: 1,
              column: 8,
            ),
          ),
          data: Variable(Variable(
            name: Spanned(
              span: Span(
                start: Location(
                  file_name: "while_statement",
                  position: 6,
                  line: 1,
                  column: 7,
                ),
                end: Location(
                  file_name: "while_statement",
                  position: 7,
                  line: 1,
                  column: 8,
                ),
              ),
              data: "i",
            ),
          )),
        ),
        operator: Spanned(
          span: Span(
            start: Location(
              file_name: "while_statement",
              position: 8,
              line: 1,
              column: 9,
            ),
            end: Location(
              file_name: "while_statement",
              position: 9,
              line: 1,
              column: 10,
            ),
          ),
          data: LessThan,
        ),
        right: Spanned(
          span: Span(
            start: Location(
              file_name: "while_statement",
              position: 10,
              line: 1,
              column: 11,
            ),
            end: Location(
              file_name: "while_statement",
              position: 12,
              line: 1,
              column: 13,
            ),
          ),
          data: Literal(Integer(Integer(
            value: Spanned(
              span: Span(
                start: Location(
                  file_name: "while_statement",
                  position: 10,
                  line: 1,
                  column: 11,
                ),
                end: Location(
                  file_name: "while_statement",
                  position: 12,
                  line: 1,
                  column: 13,
                ),
              ),
              data: "10",
            ),
            radix: 10,
          ))),
        ),
      )),
    ),
    body: Spanned(
      span: Span(
        start: Location(
          file_name: "while_statement",
          position: 13,
          line: 1,
          column: 14,
        ),
        end: Location(
          file_name: "while_statement",
          position: 27,
          line: 1,
          column: 28,
        ),
      ),
      data: Block(Block(
        statements: [
          Spanned(
            span: Span(
              start: Location(
                file_name: "while_statement",
                position: 15,
                line: 1,
                column: 16,
              ),
              end: Location(
                file_name: "while_statement",
                position: 25,
                line: 1,
                column: 26,
              ),
            ),
            data: Expression(BinaryOperation(BinaryOperation(
              left: Spanned(
                span: Span(
                  start: Location(
                    file_name: "while_statement",
                    position: 15,
                    line: 1,
                    column: 16,
                  ),
                  end: Location(
                    file_name: "while_statement",
                    position: 16,
                    line: 1,
                    column: 17,
                  ),
                ),
                data: Variable(Variable(
                  name: Spanned(
                    span: Span(
                      start: Location(
                        file_name: "while_statement",
                        position: 15,
                        line: 1,
                        column: 16,
                      ),
                      end: Location(
                        file_name: "while_statement",
                        position: 16,
                        line: 1,
                        column: 17,
                      ),
                    ),
                    data: "i",
                  ),
                )),
              ),
              operator: Spanned(
                span: Span(
                  start: Location(
                    file_name: "while_statement",
                    position: 17,
                    line: 1,
                    column: 18,
                  ),
                  end: Location(
                    file_name: "while_statement",
                    position: 18,
                    line: 1,
                    column: 19,
                  ),
                ),
                data: Assignment,
              ),
              right: Spanned(
                span: Span(
                  start: Location(
                    file_name: "while_statement",
                    position: 19,
                    line: 1,
                    column: 20,
                  ),
                  end: Location(
                    file_name: "while_statement",
                    position: 24,
                    line: 1,
                    column: 25,
                  ),
                ),
                data: BinaryOperation(BinaryOperation(
                  left: Spanned(
                    span: Span(
                      start: Location(
                        file_name: "while_statement",
                        position: 19,
                        line: 1,
                        column: 20,
                      ),
                      end: Location(
                        file_name: "while_statement",
                        position: 20,
                        line: 1,
                        column: 21,
                      ),
                    ),
                    data: Variable(Variable(
                      name: Spanned(
                        span: Span(
                          start: Location(
                            file_name: "while_statement",
                            position: 19,
                            line: 1,
                            column: 20,
                          ),
                          end: Location(
                            file_name: "while_statement",
                            position: 20,
                            line: 1,
                            column: 21,
                          ),
                        ),
                        data: "i",
                      ),
                    )),
                  ),
                  operator: Spanned(
                    span: Span(
                      start: Location(
                        file_name: "while_statement",
                        position: 21,
                        line: 1,
                        column: 22,
                      ),
                      end: Location(
                        file_name: "while_statement",
                        position: 22,
                        line: 1,
                        column: 23,
                      ),
                    ),
                    data: Addition,
                  ),
                  right: Spanned(
                    span: Span(
                      start: Location(
                        file_name: "while_statement",
                        position: 23,
                        line: 1,
                        column: 24,
                      ),
                      end: Location(
                        file_name: "while_statement",
                        position: 24,
                        line: 1,
                        column: 25,
                      ),
                    ),
                    data: Literal(Integer(Integer(
                      value: Spanned(
                        span: Span(
                          start: Location(
                            file_name: "while_statement",
                            position: 23,
                            line: 1,
                            column: 24,
                          ),
                          end: Location(
                            file_name: "while_statement",
                            position: 24,
                            line: 1,
                            column: 25,
                          ),
                        ),
                        data: "1",
                      ),
                      radix: 10,
                    ))),
                  ),
                )),
              ),
            ))),
          ),
        ],
      )),
    ),
  )),
))
