---
source: tantalum_parser/src/tests/statement.rs
expression: result
snapshot_kind: text
---
Ok(Statement(
  span: Span(
    start: Location(
      file_name: "return_statement",
      position: 0,
      line: 1,
      column: 1,
    ),
    end: Location(
      file_name: "return_statement",
      position: 7,
      line: 1,
      column: 8,
    ),
  ),
  kind: Return(
    value: None,
  ),
))
