---
source: tantalum_parser/src/tests/statement.rs
expression: result
snapshot_kind: text
---
Ok(Spanned(
  span: Span(
    start: Location(
      file_name: "let_statement",
      position: 0,
      line: 1,
      column: 1,
    ),
    end: Location(
      file_name: "let_statement",
      position: 29,
      line: 1,
      column: 30,
    ),
  ),
  data: VariableDeclaration(VariableDeclaration(
    name: Spanned(
      span: Span(
        start: Location(
          file_name: "let_statement",
          position: 4,
          line: 1,
          column: 5,
        ),
        end: Location(
          file_name: "let_statement",
          position: 5,
          line: 1,
          column: 6,
        ),
      ),
      data: "x",
    ),
    ty: Some(Spanned(
      span: Span(
        start: Location(
          file_name: "let_statement",
          position: 7,
          line: 1,
          column: 8,
        ),
        end: Location(
          file_name: "let_statement",
          position: 10,
          line: 1,
          column: 11,
        ),
      ),
      data: Pointer(PointerType(
        ty: Spanned(
          span: Span(
            start: Location(
              file_name: "let_statement",
              position: 8,
              line: 1,
              column: 9,
            ),
            end: Location(
              file_name: "let_statement",
              position: 10,
              line: 1,
              column: 11,
            ),
          ),
          data: Named(NamedType(
            name: Spanned(
              span: Span(
                start: Location(
                  file_name: "let_statement",
                  position: 8,
                  line: 1,
                  column: 9,
                ),
                end: Location(
                  file_name: "let_statement",
                  position: 10,
                  line: 1,
                  column: 11,
                ),
              ),
              data: "u8",
            ),
          )),
        ),
      )),
    )),
    value: Spanned(
      span: Span(
        start: Location(
          file_name: "let_statement",
          position: 13,
          line: 1,
          column: 14,
        ),
        end: Location(
          file_name: "let_statement",
          position: 28,
          line: 1,
          column: 29,
        ),
      ),
      data: Literal(String(String(
        value: Spanned(
          span: Span(
            start: Location(
              file_name: "let_statement",
              position: 13,
              line: 1,
              column: 14,
            ),
            end: Location(
              file_name: "let_statement",
              position: 28,
              line: 1,
              column: 29,
            ),
          ),
          data: "\"Hello, World!\"",
        ),
      ))),
    ),
  )),
))
