---
source: tantalum_parser/src/tests/top_level.rs
expression: result
snapshot_kind: text
---
Ok(Spanned(
  span: Span(
    start: Location(
      file_name: "function_declaration_with_return_type",
      position: 0,
      line: 1,
      column: 1,
    ),
    end: Location(
      file_name: "function_declaration_with_return_type",
      position: 17,
      line: 1,
      column: 18,
    ),
  ),
  data: Function(Function(
    name: Spanned(
      span: Span(
        start: Location(
          file_name: "function_declaration_with_return_type",
          position: 3,
          line: 1,
          column: 4,
        ),
        end: Location(
          file_name: "function_declaration_with_return_type",
          position: 7,
          line: 1,
          column: 8,
        ),
      ),
      data: "main",
    ),
    parameters: Spanned(
      span: Span(
        start: Location(
          file_name: "function_declaration_with_return_type",
          position: 7,
          line: 1,
          column: 8,
        ),
        end: Location(
          file_name: "function_declaration_with_return_type",
          position: 9,
          line: 1,
          column: 10,
        ),
      ),
      data: [],
    ),
    return_type: Some(Spanned(
      span: Span(
        start: Location(
          file_name: "function_declaration_with_return_type",
          position: 11,
          line: 1,
          column: 12,
        ),
        end: Location(
          file_name: "function_declaration_with_return_type",
          position: 14,
          line: 1,
          column: 15,
        ),
      ),
      data: Named(NamedType(
        name: Spanned(
          span: Span(
            start: Location(
              file_name: "function_declaration_with_return_type",
              position: 11,
              line: 1,
              column: 12,
            ),
            end: Location(
              file_name: "function_declaration_with_return_type",
              position: 14,
              line: 1,
              column: 15,
            ),
          ),
          data: "i32",
        ),
      )),
    )),
    body: Spanned(
      span: Span(
        start: Location(
          file_name: "function_declaration_with_return_type",
          position: 15,
          line: 1,
          column: 16,
        ),
        end: Location(
          file_name: "function_declaration_with_return_type",
          position: 17,
          line: 1,
          column: 18,
        ),
      ),
      data: Block(Block(
        statements: [],
      )),
    ),
  )),
))
