---
source: tantalum_parser/src/tests/statement.rs
expression: result
snapshot_kind: text
---
Ok(Spanned(
  span: Span(
    start: Location(
      file_name: "block_statement",
      position: 0,
      line: 1,
      column: 1,
    ),
    end: Location(
      file_name: "block_statement",
      position: 15,
      line: 1,
      column: 16,
    ),
  ),
  data: Block(Block(
    statements: [
      Spanned(
        span: Span(
          start: Location(
            file_name: "block_statement",
            position: 2,
            line: 1,
            column: 3,
          ),
          end: Location(
            file_name: "block_statement",
            position: 13,
            line: 1,
            column: 14,
          ),
        ),
        data: VariableDeclaration(VariableDeclaration(
          name: Spanned(
            span: Span(
              start: Location(
                file_name: "block_statement",
                position: 6,
                line: 1,
                column: 7,
              ),
              end: Location(
                file_name: "block_statement",
                position: 7,
                line: 1,
                column: 8,
              ),
            ),
            data: "x",
          ),
          ty: None,
          value: Spanned(
            span: Span(
              start: Location(
                file_name: "block_statement",
                position: 10,
                line: 1,
                column: 11,
              ),
              end: Location(
                file_name: "block_statement",
                position: 12,
                line: 1,
                column: 13,
              ),
            ),
            data: Literal(Integer(Integer(
              value: Spanned(
                span: Span(
                  start: Location(
                    file_name: "block_statement",
                    position: 10,
                    line: 1,
                    column: 11,
                  ),
                  end: Location(
                    file_name: "block_statement",
                    position: 12,
                    line: 1,
                    column: 13,
                  ),
                ),
                data: "42",
              ),
              radix: 10,
            ))),
          ),
        )),
      ),
    ],
  )),
))
